03-04 21:26:45.630 21472 21472 D CursorFeedback: getExtraCursorWidth
03-04 21:26:45.630 21472 21472 D CursorFeedback: getExtraLeftOffset
03-04 21:26:47.186 21472 21472 V TextView: notifyAutoFillManagerAfterTextChanged
03-04 21:26:47.186 21472 21472 V AutofillManager: updateSessionLocked(): id=1073741825, bounds=null, value=[type=1, value=5_chars], action=4, flags=128
03-04 21:26:47.191 21472 21472 V TextView: notifyAutoFillManagerAfterTextChanged
03-04 21:26:47.191 21472 21472 V AutofillManager: updateSessionLocked(): id=1073741825, bounds=null, value=[type=1, value=11_chars], action=4, flags=128
03-04 21:26:47.198 21472 21472 D CursorFeedback: getExtraCursorWidth
03-04 21:26:47.198 21472 21472 D CursorFeedback: getExtraLeftOffset
03-04 21:26:47.209 21472 21534 I ReactNativeJS: 'Error al cargar la contraseña', [Error: Invalid key provided to SecureStore. Keys must not be empty and contain only alphanumeric characters, ".", "-", and "_".]
03-04 21:26:47.213 21472 21472 V TextView: notifyAutoFillManagerAfterTextChanged
03-04 21:26:47.213 21472 21472 V AutofillManager: updateSessionLocked(): id=1073741825, bounds=null, value=[type=1, value=11_chars], action=4, flags=128
03-04 21:26:47.215 21472 21472 D CursorFeedback: getExtraCursorWidth
03-04 21:26:47.215 21472 21472 D CursorFeedback: getExtraLeftOffset
03-04 21:26:48.280 21472 21472 V TextView: notifyAutoFillManagerAfterTextChanged
03-04 21:26:48.280 21472 21472 V AutofillManager: updateSessionLocked(): id=1073741825, bounds=null, value=[type=1, value=10_chars], action=4, flags=128
03-04 21:26:48.295 21472 21472 D CursorFeedback: getExtraCursorWidth
03-04 21:26:48.295 21472 21472 D CursorFeedback: getExtraLeftOffset
03-04 21:26:48.313 21472 21472 V TextView: notifyAutoFillManagerAfterTextChanged
03-04 21:26:48.313 21472 21472 V AutofillManager: updateSessionLocked(): id=1073741825, bounds=null, value=[type=1, value=10_chars], action=4, flags=128
03-04 21:26:48.314 21472 21472 D CursorFeedback: getExtraCursorWidth
03-04 21:26:48.314 21472 21472 D CursorFeedback: getExtraLeftOffset
03-04 21:26:49.192 21472 21472 V AutofillManager: requestHideFillUi(null): anchor = null
03-04 21:26:49.837 21472 21472 D WindowManager: Add to mViews: android.widget.PopupWindow$PopupDecorView{4602c7e V.E...... R.....I. 0,0-0,0},pkg= com.pololo365.MiExpo
03-04 21:26:49.861 21472 21472 D ViewRootImplExtImpl: onDisplayChanged -1 for VRI android.view.ViewRootImpl@5ce928a
03-04 21:26:49.862 21472 21472 D InputEventReceiver: Input log is disabled
03-04 21:26:49.873 21472 21472 I Quality : Skipped: false 2 cost 33.84814 refreshRate 16655202 bit true processName com.pololo365.MiExpo
03-04 21:26:49.892 21472 21472 D BufferQueueConsumer: [](id:53e000000004,api:0,p:-1,c:21472) connect: controlledByApp=false
03-04 21:26:49.892 21472 21472 E IPCThreadState: attemptIncStrongHandle(93): Not supported
03-04 21:26:49.895 21472 21520 D BufferQueueProducer: [VRI[PopupWindow:a4ede39]#4(BLAST Consumer)4](id:53e000000004,api:1,p:21472,c:21472) connect: api=1 producerControlledByApp=true
03-04 21:26:49.896 21472 21472 D VRI[PopupWindow:a4ede39]: registerCallbacksForSync syncBuffer=false
03-04 21:26:49.903 21472 21520 D VRI[PopupWindow:a4ede39]: Received frameCommittedCallback lastAttemptedDrawFrameNum=1 didProduceBuffer=true syncBuffer=false
03-04 21:26:49.904 21472 21520 W Parcel  : Expecting binder but got null!
03-04 21:26:49.904 21472 21472 D VRI[PopupWindow:a4ede39]: draw finished.
03-04 21:26:49.905 21472 21472 I Quality : Skipped: false 1 cost 16.691921 refreshRate 16655131 bit true processName com.pololo365.MiExpo
03-04 21:26:49.923 21472 21472 D VRI[PopupWindow:a4ede39]: registerCallbacksForSync syncBuffer=false
03-04 21:26:49.924 21472 21520 D VRI[PopupWindow:a4ede39]: Received frameCommittedCallback lastAttemptedDrawFrameNum=2 didProduceBuffer=false syncBuffer=false
03-04 21:26:49.925 21472 21472 D VRI[PopupWindow:a4ede39]: draw finished.
03-04 21:26:50.081 21472 21472 D WindowManager: Add to mViews: android.widget.PopupWindow$PopupDecorView{98dbeeb V.E...... R.....I. 0,0-0,0},pkg= com.pololo365.MiExpo
03-04 21:26:50.094 21472 21472 D ViewRootImplExtImpl: onDisplayChanged -1 for VRI android.view.ViewRootImpl@e075ec7
03-04 21:26:50.094 21472 21472 D InputEventReceiver: Input log is disabled
03-04 21:26:50.096 21472 21472 I Quality : Skipped: false 2 cost 40.936882 refreshRate 16652808 bit true processName com.pololo365.MiExpo
03-04 21:26:50.115 21472 21472 D BufferQueueConsumer: [](id:53e000000005,api:0,p:-1,c:21472) connect: controlledByApp=false
03-04 21:26:50.119 21472 21520 D BufferQueueProducer: [VRI[PopupWindow:178b23a]#5(BLAST Consumer)5](id:53e000000005,api:1,p:21472,c:21472) connect: api=1 producerControlledByApp=true
03-04 21:26:50.123 21472 21472 D VRI[PopupWindow:178b23a]: registerCallbacksForSync syncBuffer=false
03-04 21:26:50.129 21472 21520 D VRI[PopupWindow:178b23a]: Received frameCommittedCallback lastAttemptedDrawFrameNum=1 didProduceBuffer=true syncBuffer=false
03-04 21:26:50.130 21472 21520 W Parcel  : Expecting binder but got null!
03-04 21:26:50.130 21472 21472 D VRI[PopupWindow:178b23a]: draw finished.
03-04 21:26:50.132 21472 21472 I Quality : Skipped: false 1 cost 26.781118 refreshRate 16652908 bit true processName com.pololo365.MiExpo
03-04 21:26:50.132 21472 21472 V AutofillManager: updateSessionLocked(): id=1073741825, bounds=null, value=null, action=3, flags=0
03-04 21:26:50.134 21472 21472 V AutofillManager: updateSessionLocked(): id=1073741826, bounds=null, value=[type=1, value=0_chars], action=2, flags=132
03-04 21:26:50.159 21472 21472 D InputMethodManager: showSoftInput() view=com.facebook.react.views.textinput.ReactEditText{80f7f9c VFED..CL. .F....ID 60,507-1020,618 #28 aid=1073741826} flags=0 reason=SHOW_SOFT_INPUT
03-04 21:26:50.177 21472 21472 I Quality : Skipped: false 2 cost 38.35229 refreshRate 16652143 bit true processName com.pololo365.MiExpo
03-04 21:26:50.177 21472 21472 D VRI[PopupWindow:178b23a]: registerCallbacksForSync syncBuffer=false
03-04 21:26:50.182 21472 21520 D VRI[PopupWindow:178b23a]: Received frameCommittedCallback lastAttemptedDrawFrameNum=3 didProduceBuffer=true syncBuffer=false
03-04 21:26:50.183 21472 21472 D VRI[PopupWindow:178b23a]: draw finished.
03-04 21:26:50.183 21472 21472 W RemoteInputConnectionImpl: requestCursorAnchorInfo on inactive InputConnection
03-04 21:26:50.239 21472 21472 W OnBackInvokedCallback: OnBackInvokedCallback is not enabled for the application.
03-04 21:26:50.239 21472 21472 W OnBackInvokedCallback: Set 'android:enableOnBackInvokedCallback="true"' in the application manifest.
03-04 21:26:50.251 21472 21472 D InsetsController: show(ime(), fromIme=true)
03-04 21:26:50.777 21472 21472 V AutofillManager: requestHideFillUi(null): anchor = null
03-04 21:26:50.783 21472 21472 D OplusSystemUINavigationGestureExtImpl: regionString = null
03-04 21:26:50.904 21472 21472 D OplusScrollToTopManager: unregisterGuidePopupDismissReceiverInSystemUI
03-04 21:26:50.905 21472 21472 D OplusScrollToTopManager: Receiver not registered: android.view.OplusScrollToTopManager$1@4d1f78
03-04 21:26:50.905 21472 21472 D OplusScrollToTopManager: unregisterSystemUIBroadcastReceiver 
03-04 21:26:50.905 21472 21472 D OplusScrollToTopManager: java.lang.IllegalArgumentException: Receiver not registered: android.view.OplusScrollToTopManager$2@f3d2651
03-04 21:26:50.906 21472 21472 V ZoomWindowDecorView: removeZoomView
03-04 21:26:50.907 21472 21520 D BufferQueueProducer: [VRI[PopupWindow:a4ede39]#4(BLAST Consumer)4](id:53e000000004,api:1,p:21472,c:21472) disconnect: api 1
03-04 21:26:50.909 21472 21472 D BufferQueueConsumer: [VRI[PopupWindow:a4ede39]#4(BLAST Consumer)4](id:53e000000004,api:0,p:-1,c:21472) disconnect
03-04 21:26:50.924 21472 21472 V TextView: notifyAutoFillManagerAfterTextChanged
03-04 21:26:50.924 21472 21472 V AutofillManager: updateSessionLocked(): id=1073741826, bounds=null, value=[type=1, value=11_chars], action=4, flags=128
03-04 21:26:50.926 21472 21472 I Quality : Skipped: false 1 cost 21.0952 refreshRate 16659188 bit true processName com.pololo365.MiExpo
03-04 21:26:50.928 21472 21472 D CursorFeedback: getExtraCursorWidth
03-04 21:26:50.928 21472 21472 D CursorFeedback: getExtraLeftOffset
03-04 21:26:50.933 21472 21472 V AutofillManager: notifyCallback(): sessionId=458940692, autofillId=1073741826@458940692, event=2
03-04 21:26:51.174 21472 21472 D OplusScrollToTopManager: unregisterGuidePopupDismissReceiverInSystemUI
03-04 21:26:51.174 21472 21472 D OplusScrollToTopManager: Receiver not registered: android.view.OplusScrollToTopManager$1@33e4abc
03-04 21:26:51.174 21472 21472 D OplusScrollToTopManager: unregisterSystemUIBroadcastReceiver 
03-04 21:26:51.175 21472 21472 D OplusScrollToTopManager: java.lang.IllegalArgumentException: Receiver not registered: android.view.OplusScrollToTopManager$2@5b34a45
03-04 21:26:51.178 21472 21472 V ZoomWindowDecorView: removeZoomView
03-04 21:26:51.179 21472 21520 D BufferQueueProducer: [VRI[PopupWindow:178b23a]#5(BLAST Consumer)5](id:53e000000005,api:1,p:21472,c:21472) disconnect: api 1
03-04 21:26:51.181 21472 21520 D OpenGLRenderer: endAllActiveAnimators on 0xb400006f8c31f400 (RippleDrawable) with handle 0xb400006f8c320440
03-04 21:26:51.190 21472 21491 D BufferQueueConsumer: [VRI[PopupWindow:178b23a]#5(BLAST Consumer)5](id:53e000000005,api:0,p:-1,c:21472) disconnect
03-04 21:26:51.725 21472 21472 V AutofillManager: requestHideFillUi(null): anchor = null
03-04 21:26:51.876 21472 21472 W OnBackInvokedCallback: OnBackInvokedCallback is not enabled for the application.
03-04 21:26:51.876 21472 21472 W OnBackInvokedCallback: Set 'android:enableOnBackInvokedCallback="true"' in the application manifest.
03-04 21:26:51.892 21472 21472 I oplus.android.OplusFrameworkFactoryImpl: get feature:IOplusDynamicVsyncFeature
03-04 21:26:51.892 21472 21472 I oplus.android.OplusFrameworkFactoryImpl: get feature:IOplusDynamicVsyncFeature
03-04 21:26:51.892 21472 21472 I oplus.android.OplusFrameworkFactoryImpl: get feature:IOplusDynamicVsyncFeature
03-04 21:26:51.896 21472 21472 I oplus.android.OplusFrameworkFactoryImpl: get feature:IOplusDynamicVsyncFeature
03-04 21:26:51.896 21472 21472 I oplus.android.OplusFrameworkFactoryImpl: get feature:IOplusDynamicVsyncFeature
03-04 21:26:51.896 21472 21472 I oplus.android.OplusFrameworkFactoryImpl: get feature:IOplusDynamicVsyncFeature
03-04 21:26:51.904 21472 21472 D WindowManager: Add to mViews: DecorView@30c9f6d[MainActivity],pkg= com.pololo365.MiExpo
03-04 21:26:51.922 21472 21472 D ViewRootImplExtImpl: onDisplayChanged -1 for VRI android.view.ViewRootImpl@fe0c569
03-04 21:26:51.922 21472 21472 D InputEventReceiver: Input log is disabled
03-04 21:26:51.923 21472 21472 I Quality : Skipped: false 2 cost 36.25016 refreshRate 16652043 bit true processName com.pololo365.MiExpo
03-04 21:26:51.925 21472 21472 V TextView: notifyAutoFillManagerAfterTextChanged
03-04 21:26:51.925 21472 21472 V AutofillManager: updateSessionLocked(): id=1073741825, bounds=null, value=[type=1, value=0_chars], action=4, flags=128
03-04 21:26:51.926 21472 21472 V TextView: notifyAutoFillManagerAfterTextChanged
03-04 21:26:51.926 21472 21472 V AutofillManager: updateSessionLocked(): id=1073741826, bounds=null, value=[type=1, value=0_chars], action=4, flags=128
03-04 21:26:51.928 21472 21472 V TextView: notifyAutoFillManagerAfterTextChanged
03-04 21:26:51.928 21472 21472 V AutofillManager: updateSessionLocked(): id=1073741825, bounds=null, value=[type=1, value=0_chars], action=4, flags=128
03-04 21:26:51.949 21472 21472 D BufferQueueConsumer: [](id:53e000000006,api:0,p:-1,c:21472) connect: controlledByApp=false
03-04 21:26:51.950 21472 21472 E IPCThreadState: attemptIncStrongHandle(101): Not supported
03-04 21:26:51.950 21472 21472 E IPCThreadState: attemptIncStrongHandle(99): Not supported
03-04 21:26:51.951 21472 21472 V ZoomWindowDecorView: setLastReportedMergedConfiguration mZoomDisplayHeight: 2400 getDecorView.51158893
03-04 21:26:51.953 21472 21520 D BufferQueueProducer: [VRI[MainActivity]#6(BLAST Consumer)6](id:53e000000006,api:1,p:21472,c:21472) connect: api=1 producerControlledByApp=true
03-04 21:26:51.954 21472 21472 D VRI[MainActivity]: registerCallbacksForSync syncBuffer=false
03-04 21:26:51.960 21472 21520 D VRI[MainActivity]: Received frameCommittedCallback lastAttemptedDrawFrameNum=1 didProduceBuffer=true syncBuffer=false
03-04 21:26:51.961 21472 21520 W Parcel  : Expecting binder but got null!
03-04 21:26:51.962 21472 21472 D VRI[MainActivity]: draw finished.
03-04 21:26:51.963 21472 21472 D CursorFeedback: getExtraCursorWidth
03-04 21:26:51.963 21472 21472 D CursorFeedback: getExtraLeftOffset
03-04 21:26:51.996 21472 21472 D VRI[MainActivity]: onFocusEvent false
03-04 21:26:51.996 21472 21472 V AutofillManager: notifyCallback(): sessionId=458940692, autofillId=1073741826@458940692, event=1
03-04 21:26:51.996 21472 21472 I Quality : Skipped: false 3 cost 59.45547 refreshRate 16653343 bit true processName com.pololo365.MiExpo
03-04 21:26:52.006 21472 21472 D VRI[MainActivity]: registerCallbacksForSync syncBuffer=false
03-04 21:26:52.009 21472 21520 D VRI[MainActivity]: Received frameCommittedCallback lastAttemptedDrawFrameNum=3 didProduceBuffer=true syncBuffer=false
03-04 21:26:52.010 21472 21472 D VRI[MainActivity]: draw finished.
03-04 21:26:52.044 21472 21472 D VRI[MainActivity]: onFocusEvent true
03-04 21:26:52.136 21472 21472 D InsetsController: show(ime(), fromIme=true)
03-04 21:26:53.391 21472 21472 V AutofillManager: requestHideFillUi(null): anchor = null
03-04 21:26:53.397 21472 21472 D OplusSystemUINavigationGestureExtImpl: regionString = null
03-04 21:26:53.536 21472 21472 D OplusScrollToTopManager: unregisterGuidePopupDismissReceiverInSystemUI
03-04 21:26:53.538 21472 21472 D OplusScrollToTopManager: Receiver not registered: android.view.OplusScrollToTopManager$1@6cc494e
03-04 21:26:53.538 21472 21472 D OplusScrollToTopManager: unregisterSystemUIBroadcastReceiver 
03-04 21:26:53.539 21472 21472 D OplusScrollToTopManager: java.lang.IllegalArgumentException: Receiver not registered: android.view.OplusScrollToTopManager$2@3a52a6f
03-04 21:26:53.543 21472 21472 V ZoomWindowDecorView: removeZoomView
03-04 21:26:53.545 21472 21520 D BufferQueueProducer: [VRI[MainActivity]#6(BLAST Consumer)6](id:53e000000006,api:1,p:21472,c:21472) disconnect: api 1
03-04 21:26:53.545 21472 21520 D OpenGLRenderer: endAllActiveAnimators on 0xb400006f8c345600 (RippleDrawable) with handle 0xb400006f7d77ecc0
03-04 21:26:53.566 21472 21491 D BufferQueueConsumer: [VRI[MainActivity]#6(BLAST Consumer)6](id:53e000000006,api:0,p:-1,c:21472) disconnect
03-04 21:26:53.571 21472 21472 I Quality : Skipped: true 2 cost 35.04113 refreshRate 16656078 bit true processName com.pololo365.MiExpo
03-04 21:26:53.572 21472 21472 W OnBackInvokedCallback: OnBackInvokedCallback is not enabled for the application.
03-04 21:26:53.572 21472 21472 W OnBackInvokedCallback: Set 'android:enableOnBackInvokedCallback="true"' in the application manifest.
03-04 21:26:53.613 21472 21472 D VRI[MainActivity]: onFocusEvent true
03-04 21:26:53.614 21472 21472 W OnBackInvokedCallback: OnBackInvokedCallback is not enabled for the application.
03-04 21:26:53.614 21472 21472 W OnBackInvokedCallback: Set 'android:enableOnBackInvokedCallback="true"' in the application manifest.
03-04 21:26:59.074 21472 21485 W ololo365.MiExpo: Cleared Reference was only reachable from finalizer (only reported once)
03-04 21:27:03.408 21472 21472 D CompatibilityChangeReporter: Compat change id reported: 150939131; UID 10246; state: ENABLED
03-04 21:27:04.609 21472 21472 D VRI[MainActivity]: onFocusEvent false
03-04 21:27:08.380 21472 21472 D VRI[MainActivity]: onFocusEvent true
03-04 21:27:50.498 21472 21472 V AutofillManager: requestHideFillUi(null): anchor = null
03-04 21:28:07.101 21472 21472 V AutofillManager: requestHideFillUi(null): anchor = null
03-04 21:28:07.183 21472 21472 V AutofillManager: updateSessionLocked(): id=1073741826, bounds=null, value=null, action=3, flags=0
03-04 21:28:07.185 21472 21472 V AutofillManager: updateSessionLocked(): id=1073741825, bounds=null, value=[type=1, value=0_chars], action=2, flags=0
03-04 21:28:07.193 21472 21472 D InputMethodManager: showSoftInput() view=com.facebook.react.views.textinput.ReactEditText{c6a906e VFED..CL. .F.P..ID 60,309-1020,420 #22 aid=1073741825} flags=0 reason=SHOW_SOFT_INPUT
03-04 21:28:07.205 21472 21472 D CursorFeedback: getExtraCursorWidth
03-04 21:28:07.205 21472 21472 D CursorFeedback: getExtraLeftOffset
03-04 21:28:07.277 21472 21472 W OnBackInvokedCallback: OnBackInvokedCallback is not enabled for the application.
03-04 21:28:07.277 21472 21472 W OnBackInvokedCallback: Set 'android:enableOnBackInvokedCallback="true"' in the application manifest.
03-04 21:28:07.321 21472 21472 D InsetsController: show(ime(), fromIme=true)
03-04 21:28:10.911 21472 21472 V TextView: notifyAutoFillManagerAfterTextChanged
03-04 21:28:10.911 21472 21472 V AutofillManager: updateSessionLocked(): id=1073741825, bounds=null, value=[type=1, value=1_chars], action=4, flags=128
03-04 21:28:10.920 21472 21472 D CursorFeedback: getExtraCursorWidth
03-04 21:28:10.920 21472 21472 D CursorFeedback: getExtraLeftOffset
03-04 21:28:10.934 21472 21472 V TextView: notifyAutoFillManagerAfterTextChanged
03-04 21:28:10.934 21472 21472 V AutofillManager: updateSessionLocked(): id=1073741825, bounds=null, value=[type=1, value=1_chars], action=4, flags=128
03-04 21:28:10.936 21472 21472 D CursorFeedback: getExtraCursorWidth
03-04 21:28:10.936 21472 21472 D CursorFeedback: getExtraLeftOffset
03-04 21:28:11.598 21472 21472 V TextView: notifyAutoFillManagerAfterTextChanged
03-04 21:28:11.598 21472 21472 V AutofillManager: updateSessionLocked(): id=1073741825, bounds=null, value=[type=1, value=2_chars], action=4, flags=128
03-04 21:28:11.604 21472 21472 D CursorFeedback: getExtraCursorWidth
03-04 21:28:11.604 21472 21472 D CursorFeedback: getExtraLeftOffset
03-04 21:28:11.616 21472 21472 V TextView: notifyAutoFillManagerAfterTextChanged
03-04 21:28:11.616 21472 21472 V AutofillManager: updateSessionLocked(): id=1073741825, bounds=null, value=[type=1, value=2_chars], action=4, flags=128
03-04 21:28:11.617 21472 21472 D CursorFeedback: getExtraCursorWidth
03-04 21:28:11.617 21472 21472 D CursorFeedback: getExtraLeftOffset
03-04 21:28:12.043 21472 21472 V TextView: notifyAutoFillManagerAfterTextChanged
03-04 21:28:12.043 21472 21472 V AutofillManager: updateSessionLocked(): id=1073741825, bounds=null, value=[type=1, value=3_chars], action=4, flags=128
03-04 21:28:12.053 21472 21472 D CursorFeedback: getExtraCursorWidth
03-04 21:28:12.053 21472 21472 D CursorFeedback: getExtraLeftOffset
03-04 21:28:12.081 21472 21472 V TextView: notifyAutoFillManagerAfterTextChanged
03-04 21:28:12.081 21472 21472 V AutofillManager: updateSessionLocked(): id=1073741825, bounds=null, value=[type=1, value=3_chars], action=4, flags=128
03-04 21:28:12.082 21472 21472 D CursorFeedback: getExtraCursorWidth
03-04 21:28:12.082 21472 21472 D CursorFeedback: getExtraLeftOffset
03-04 21:28:12.438 21472 21472 V TextView: notifyAutoFillManagerAfterTextChanged
03-04 21:28:12.439 21472 21472 V AutofillManager: updateSessionLocked(): id=1073741825, bounds=null, value=[type=1, value=4_chars], action=4, flags=128
03-04 21:28:12.451 21472 21472 D CursorFeedback: getExtraCursorWidth
03-04 21:28:12.451 21472 21472 D CursorFeedback: getExtraLeftOffset
03-04 21:28:12.482 21472 21472 V TextView: notifyAutoFillManagerAfterTextChanged
03-04 21:28:12.482 21472 21472 V AutofillManager: updateSessionLocked(): id=1073741825, bounds=null, value=[type=1, value=4_chars], action=4, flags=128
03-04 21:28:12.483 21472 21472 D CursorFeedback: getExtraCursorWidth
03-04 21:28:12.484 21472 21472 D CursorFeedback: getExtraLeftOffset
03-04 21:28:12.904 21472 21472 V TextView: notifyAutoFillManagerAfterTextChanged
03-04 21:28:12.905 21472 21472 V AutofillManager: updateSessionLocked(): id=1073741825, bounds=null, value=[type=1, value=5_chars], action=4, flags=128
03-04 21:28:12.917 21472 21472 D CursorFeedback: getExtraCursorWidth
03-04 21:28:12.917 21472 21472 D CursorFeedback: getExtraLeftOffset
03-04 21:28:12.934 21472 21472 V TextView: notifyAutoFillManagerAfterTextChanged
03-04 21:28:12.934 21472 21472 V AutofillManager: updateSessionLocked(): id=1073741825, bounds=null, value=[type=1, value=5_chars], action=4, flags=128
03-04 21:28:12.936 21472 21472 D CursorFeedback: getExtraCursorWidth
03-04 21:28:12.936 21472 21472 D CursorFeedback: getExtraLeftOffset
03-04 21:28:15.641 21472 21472 V TextView: notifyAutoFillManagerAfterTextChanged
03-04 21:28:15.641 21472 21472 V AutofillManager: updateSessionLocked(): id=1073741825, bounds=null, value=[type=1, value=4_chars], action=4, flags=128
03-04 21:28:15.648 21472 21472 D CursorFeedback: getExtraCursorWidth
03-04 21:28:15.648 21472 21472 D CursorFeedback: getExtraLeftOffset
03-04 21:28:15.678 21472 21472 V TextView: notifyAutoFillManagerAfterTextChanged
03-04 21:28:15.678 21472 21472 V AutofillManager: updateSessionLocked(): id=1073741825, bounds=null, value=[type=1, value=4_chars], action=4, flags=128
03-04 21:28:15.680 21472 21472 D CursorFeedback: getExtraCursorWidth
03-04 21:28:15.680 21472 21472 D CursorFeedback: getExtraLeftOffset
03-04 21:28:16.138 21472 21472 V TextView: notifyAutoFillManagerAfterTextChanged
03-04 21:28:16.139 21472 21472 V AutofillManager: updateSessionLocked(): id=1073741825, bounds=null, value=[type=1, value=5_chars], action=4, flags=128
03-04 21:28:16.150 21472 21472 D CursorFeedback: getExtraCursorWidth
03-04 21:28:16.150 21472 21472 D CursorFeedback: getExtraLeftOffset
03-04 21:28:16.179 21472 21472 V TextView: notifyAutoFillManagerAfterTextChanged
03-04 21:28:16.179 21472 21472 V AutofillManager: updateSessionLocked(): id=1073741825, bounds=null, value=[type=1, value=5_chars], action=4, flags=128
03-04 21:28:16.181 21472 21472 D CursorFeedback: getExtraCursorWidth
03-04 21:28:16.181 21472 21472 D CursorFeedback: getExtraLeftOffset
03-04 21:28:18.367 21472 21472 V TextView: notifyAutoFillManagerAfterTextChanged
03-04 21:28:18.367 21472 21472 V AutofillManager: updateSessionLocked(): id=1073741825, bounds=null, value=[type=1, value=6_chars], action=4, flags=128
03-04 21:28:18.378 21472 21472 D CursorFeedback: getExtraCursorWidth
03-04 21:28:18.379 21472 21472 D CursorFeedback: getExtraLeftOffset
03-04 21:28:18.411 21472 21472 V TextView: notifyAutoFillManagerAfterTextChanged
03-04 21:28:18.411 21472 21472 V AutofillManager: updateSessionLocked(): id=1073741825, bounds=null, value=[type=1, value=6_chars], action=4, flags=128
03-04 21:28:18.413 21472 21472 D CursorFeedback: getExtraCursorWidth
03-04 21:28:18.413 21472 21472 D CursorFeedback: getExtraLeftOffset
03-04 21:28:19.524 21472 21472 V TextView: notifyAutoFillManagerAfterTextChanged
03-04 21:28:19.524 21472 21472 V AutofillManager: updateSessionLocked(): id=1073741825, bounds=null, value=[type=1, value=11_chars], action=4, flags=128
03-04 21:28:19.532 21472 21472 D CursorFeedback: getExtraCursorWidth
03-04 21:28:19.532 21472 21472 D CursorFeedback: getExtraLeftOffset
03-04 21:28:19.557 21472 21534 I ReactNativeJS: 'Error al cargar la contraseña', [Error: Invalid key provided to SecureStore. Keys must not be empty and contain only alphanumeric characters, ".", "-", and "_".]
03-04 21:28:19.560 21472 21472 V TextView: notifyAutoFillManagerAfterTextChanged
03-04 21:28:19.561 21472 21472 V AutofillManager: updateSessionLocked(): id=1073741825, bounds=null, value=[type=1, value=11_chars], action=4, flags=128
03-04 21:28:19.562 21472 21472 D CursorFeedback: getExtraCursorWidth
03-04 21:28:19.562 21472 21472 D CursorFeedback: getExtraLeftOffset
03-04 21:28:20.603 21472 21472 V TextView: notifyAutoFillManagerAfterTextChanged
03-04 21:28:20.603 21472 21472 V AutofillManager: updateSessionLocked(): id=1073741825, bounds=null, value=[type=1, value=10_chars], action=4, flags=128
03-04 21:28:20.609 21472 21472 D CursorFeedback: getExtraCursorWidth
03-04 21:28:20.610 21472 21472 D CursorFeedback: getExtraLeftOffset
03-04 21:28:20.643 21472 21472 V TextView: notifyAutoFillManagerAfterTextChanged
03-04 21:28:20.643 21472 21472 V AutofillManager: updateSessionLocked(): id=1073741825, bounds=null, value=[type=1, value=10_chars], action=4, flags=128
03-04 21:28:20.645 21472 21472 D CursorFeedback: getExtraCursorWidth
03-04 21:28:20.645 21472 21472 D CursorFeedback: getExtraLeftOffset
03-04 21:28:21.553 21472 21472 V AutofillManager: requestHideFillUi(null): anchor = null
03-04 21:28:21.674 21472 21472 V AutofillManager: updateSessionLocked(): id=1073741825, bounds=null, value=null, action=3, flags=0
03-04 21:28:21.676 21472 21472 V AutofillManager: updateSessionLocked(): id=1073741826, bounds=null, value=[type=1, value=0_chars], action=2, flags=132
03-04 21:28:21.688 21472 21472 D InputMethodManager: showSoftInput() view=com.facebook.react.views.textinput.ReactEditText{80f7f9c VFED..CL. .F.P..ID 60,507-1020,618 #28 aid=1073741826} flags=0 reason=SHOW_SOFT_INPUT
03-04 21:28:21.694 21472 21472 W RemoteInputConnectionImpl: requestCursorAnchorInfo on inactive InputConnection
03-04 21:28:21.753 21472 21472 W OnBackInvokedCallback: OnBackInvokedCallback is not enabled for the application.
03-04 21:28:21.753 21472 21472 W OnBackInvokedCallback: Set 'android:enableOnBackInvokedCallback="true"' in the application manifest.
03-04 21:28:21.756 21472 21472 D InsetsController: show(ime(), fromIme=true)
03-04 21:28:21.775 21472 21472 D InsetsController: show(ime(), fromIme=true)
03-04 21:28:22.598 21472 21472 V AutofillManager: requestHideFillUi(null): anchor = null
03-04 21:28:23.198 21472 21472 D WindowManager: Add to mViews: android.widget.PopupWindow$PopupDecorView{59b098c V.E...... R.....I. 0,0-0,0},pkg= com.pololo365.MiExpo
03-04 21:28:23.224 21472 21472 D ViewRootImplExtImpl: onDisplayChanged -1 for VRI android.view.ViewRootImpl@b53278
03-04 21:28:23.225 21472 21472 D InputEventReceiver: Input log is disabled
03-04 21:28:23.236 21472 21472 I Quality : Skipped: false 2 cost 33.969383 refreshRate 16654929 bit true processName com.pololo365.MiExpo
03-04 21:28:23.258 21472 21472 D BufferQueueConsumer: [](id:53e000000007,api:0,p:-1,c:21472) connect: controlledByApp=false
03-04 21:28:23.258 21472 21472 E IPCThreadState: attemptIncStrongHandle(110): Not supported
03-04 21:28:23.261 21472 21520 D BufferQueueProducer: [VRI[PopupWindow:291eebf]#7(BLAST Consumer)7](id:53e000000007,api:1,p:21472,c:21472) connect: api=1 producerControlledByApp=true
03-04 21:28:23.262 21472 21472 D VRI[PopupWindow:291eebf]: registerCallbacksForSync syncBuffer=false
03-04 21:28:23.267 21472 21520 D VRI[PopupWindow:291eebf]: Received frameCommittedCallback lastAttemptedDrawFrameNum=1 didProduceBuffer=true syncBuffer=false
03-04 21:28:23.269 21472 21520 W Parcel  : Expecting binder but got null!
03-04 21:28:23.270 21472 21472 D VRI[PopupWindow:291eebf]: draw finished.
03-04 21:28:23.271 21472 21472 I Quality : Skipped: false 1 cost 18.701214 refreshRate 16654555 bit true processName com.pololo365.MiExpo
03-04 21:28:23.287 21472 21472 D VRI[PopupWindow:291eebf]: registerCallbacksForSync syncBuffer=false
03-04 21:28:23.289 21472 21520 D VRI[PopupWindow:291eebf]: Received frameCommittedCallback lastAttemptedDrawFrameNum=2 didProduceBuffer=false syncBuffer=false
03-04 21:28:23.289 21472 21472 D VRI[PopupWindow:291eebf]: draw finished.
03-04 21:28:23.552 21472 21472 D WindowManager: Add to mViews: android.widget.PopupWindow$PopupDecorView{4e7ba02 V.E...... R.....I. 0,0-0,0},pkg= com.pololo365.MiExpo
03-04 21:28:23.565 21472 21472 D ViewRootImplExtImpl: onDisplayChanged -1 for VRI android.view.ViewRootImpl@71b744e
03-04 21:28:23.566 21472 21472 D InputEventReceiver: Input log is disabled
03-04 21:28:23.567 21472 21472 I Quality : Skipped: false 3 cost 64.88188 refreshRate 16654059 bit true processName com.pololo365.MiExpo
03-04 21:28:23.583 21472 21472 D BufferQueueConsumer: [](id:53e000000008,api:0,p:-1,c:21472) connect: controlledByApp=false
03-04 21:28:23.585 21472 21520 D BufferQueueProducer: [VRI[PopupWindow:b15df4d]#8(BLAST Consumer)8](id:53e000000008,api:1,p:21472,c:21472) connect: api=1 producerControlledByApp=true
03-04 21:28:23.593 21472 21472 D VRI[PopupWindow:b15df4d]: registerCallbacksForSync syncBuffer=false
03-04 21:28:23.598 21472 21520 D VRI[PopupWindow:b15df4d]: Received frameCommittedCallback lastAttemptedDrawFrameNum=1 didProduceBuffer=true syncBuffer=false
03-04 21:28:23.599 21472 21520 W Parcel  : Expecting binder but got null!
03-04 21:28:23.600 21472 21472 D VRI[PopupWindow:b15df4d]: draw finished.
03-04 21:28:23.601 21472 21472 I Quality : Skipped: false 1 cost 32.561375 refreshRate 16654059 bit true processName com.pololo365.MiExpo
03-04 21:28:23.608 21472 21472 D VRI[PopupWindow:b15df4d]: registerCallbacksForSync syncBuffer=false
03-04 21:28:23.611 21472 21520 D VRI[PopupWindow:b15df4d]: Received frameCommittedCallback lastAttemptedDrawFrameNum=3 didProduceBuffer=true syncBuffer=false
03-04 21:28:23.611 21472 21472 D VRI[PopupWindow:b15df4d]: draw finished.
03-04 21:28:24.273 21472 21472 V AutofillManager: requestHideFillUi(null): anchor = null
03-04 21:28:24.281 21472 21472 D OplusSystemUINavigationGestureExtImpl: regionString = null
03-04 21:28:24.366 21472 21472 D OplusScrollToTopManager: unregisterGuidePopupDismissReceiverInSystemUI
03-04 21:28:24.366 21472 21472 D OplusScrollToTopManager: Receiver not registered: android.view.OplusScrollToTopManager$1@746a7b2
03-04 21:28:24.366 21472 21472 D OplusScrollToTopManager: unregisterSystemUIBroadcastReceiver 
03-04 21:28:24.367 21472 21472 D OplusScrollToTopManager: java.lang.IllegalArgumentException: Receiver not registered: android.view.OplusScrollToTopManager$2@5d9d303
03-04 21:28:24.367 21472 21472 V ZoomWindowDecorView: removeZoomView
03-04 21:28:24.368 21472 21520 D BufferQueueProducer: [VRI[PopupWindow:291eebf]#7(BLAST Consumer)7](id:53e000000007,api:1,p:21472,c:21472) disconnect: api 1
03-04 21:28:24.369 21472 21472 D BufferQueueConsumer: [VRI[PopupWindow:291eebf]#7(BLAST Consumer)7](id:53e000000007,api:0,p:-1,c:21472) disconnect
03-04 21:28:24.387 21472 21472 V TextView: notifyAutoFillManagerAfterTextChanged
03-04 21:28:24.387 21472 21472 V AutofillManager: updateSessionLocked(): id=1073741826, bounds=null, value=[type=1, value=11_chars], action=4, flags=128
03-04 21:28:24.388 21472 21472 I Quality : Skipped: false 1 cost 20.434025 refreshRate 16653003 bit true processName com.pololo365.MiExpo
03-04 21:28:24.391 21472 21472 D CursorFeedback: getExtraCursorWidth
03-04 21:28:24.391 21472 21472 D CursorFeedback: getExtraLeftOffset
03-04 21:28:24.395 21472 21472 V AutofillManager: notifyCallback(): sessionId=458940692, autofillId=1073741826@458940692, event=2
03-04 21:28:24.638 21472 21472 D OplusScrollToTopManager: unregisterGuidePopupDismissReceiverInSystemUI
03-04 21:28:24.639 21472 21472 D OplusScrollToTopManager: Receiver not registered: android.view.OplusScrollToTopManager$1@bf77b0a
03-04 21:28:24.639 21472 21472 D OplusScrollToTopManager: unregisterSystemUIBroadcastReceiver 
03-04 21:28:24.639 21472 21472 D OplusScrollToTopManager: java.lang.IllegalArgumentException: Receiver not registered: android.view.OplusScrollToTopManager$2@3989f7b
03-04 21:28:24.643 21472 21472 V ZoomWindowDecorView: removeZoomView
03-04 21:28:24.645 21472 21520 D BufferQueueProducer: [VRI[PopupWindow:b15df4d]#8(BLAST Consumer)8](id:53e000000008,api:1,p:21472,c:21472) disconnect: api 1
03-04 21:28:24.646 21472 21520 D OpenGLRenderer: endAllActiveAnimators on 0xb400006f7ebdae00 (RippleDrawable) with handle 0xb400006ff5249a40
03-04 21:28:24.663 21472 23055 D BufferQueueConsumer: [VRI[PopupWindow:b15df4d]#8(BLAST Consumer)8](id:53e000000008,api:0,p:-1,c:21472) disconnect
03-04 21:28:30.886 21472 21472 V AutofillManager: requestHideFillUi(null): anchor = null
03-04 21:28:31.102 21472 21472 W OnBackInvokedCallback: OnBackInvokedCallback is not enabled for the application.
03-04 21:28:31.102 21472 21472 W OnBackInvokedCallback: Set 'android:enableOnBackInvokedCallback="true"' in the application manifest.
03-04 21:28:31.121 21472 21472 I oplus.android.OplusFrameworkFactoryImpl: get feature:IOplusDynamicVsyncFeature
03-04 21:28:31.121 21472 21472 I oplus.android.OplusFrameworkFactoryImpl: get feature:IOplusDynamicVsyncFeature
03-04 21:28:31.121 21472 21472 I oplus.android.OplusFrameworkFactoryImpl: get feature:IOplusDynamicVsyncFeature
03-04 21:28:31.125 21472 21472 I oplus.android.OplusFrameworkFactoryImpl: get feature:IOplusDynamicVsyncFeature
03-04 21:28:31.126 21472 21472 I oplus.android.OplusFrameworkFactoryImpl: get feature:IOplusDynamicVsyncFeature
03-04 21:28:31.126 21472 21472 I oplus.android.OplusFrameworkFactoryImpl: get feature:IOplusDynamicVsyncFeature
03-04 21:28:31.136 21472 21472 D WindowManager: Add to mViews: DecorView@ae2210d[MainActivity],pkg= com.pololo365.MiExpo
03-04 21:28:31.156 21472 21472 D ViewRootImplExtImpl: onDisplayChanged -1 for VRI android.view.ViewRootImpl@a1cc109
03-04 21:28:31.156 21472 21472 D InputEventReceiver: Input log is disabled
03-04 21:28:31.157 21472 21472 I Quality : Skipped: false 2 cost 44.182575 refreshRate 16653896 bit true processName com.pololo365.MiExpo
03-04 21:28:31.159 21472 21472 V TextView: notifyAutoFillManagerAfterTextChanged
03-04 21:28:31.159 21472 21472 V AutofillManager: updateSessionLocked(): id=1073741825, bounds=null, value=[type=1, value=0_chars], action=4, flags=128
03-04 21:28:31.160 21472 21472 V TextView: notifyAutoFillManagerAfterTextChanged
03-04 21:28:31.160 21472 21472 V AutofillManager: updateSessionLocked(): id=1073741826, bounds=null, value=[type=1, value=0_chars], action=4, flags=128
03-04 21:28:31.162 21472 21472 V TextView: notifyAutoFillManagerAfterTextChanged
03-04 21:28:31.162 21472 21472 V AutofillManager: updateSessionLocked(): id=1073741825, bounds=null, value=[type=1, value=0_chars], action=4, flags=128
03-04 21:28:31.178 21472 21472 D BufferQueueConsumer: [](id:53e000000009,api:0,p:-1,c:21472) connect: controlledByApp=false
03-04 21:28:31.179 21472 21472 E IPCThreadState: attemptIncStrongHandle(83): Not supported
03-04 21:28:31.179 21472 21472 E IPCThreadState: attemptIncStrongHandle(86): Not supported
03-04 21:28:31.181 21472 21472 V ZoomWindowDecorView: setLastReportedMergedConfiguration mZoomDisplayHeight: 2400 getDecorView.182591757
03-04 21:28:31.181 21472 21520 D BufferQueueProducer: [VRI[MainActivity]#9(BLAST Consumer)9](id:53e000000009,api:1,p:21472,c:21472) connect: api=1 producerControlledByApp=true
03-04 21:28:31.184 21472 21472 D VRI[MainActivity]: registerCallbacksForSync syncBuffer=false
03-04 21:28:31.190 21472 21520 D VRI[MainActivity]: Received frameCommittedCallback lastAttemptedDrawFrameNum=1 didProduceBuffer=true syncBuffer=false
03-04 21:28:31.191 21472 21520 W Parcel  : Expecting binder but got null!
03-04 21:28:31.191 21472 21472 D VRI[MainActivity]: draw finished.
03-04 21:28:31.193 21472 21472 D CursorFeedback: getExtraCursorWidth
03-04 21:28:31.193 21472 21472 D CursorFeedback: getExtraLeftOffset
03-04 21:28:31.214 21472 21472 D VRI[MainActivity]: onFocusEvent false
03-04 21:28:31.214 21472 21472 V AutofillManager: notifyCallback(): sessionId=458940692, autofillId=1073741826@458940692, event=1
03-04 21:28:31.214 21472 21472 I Quality : Skipped: false 3 cost 51.036705 refreshRate 16653064 bit true processName com.pololo365.MiExpo
03-04 21:28:31.231 21472 21472 D VRI[MainActivity]: registerCallbacksForSync syncBuffer=false
03-04 21:28:31.233 21472 21520 D VRI[MainActivity]: Received frameCommittedCallback lastAttemptedDrawFrameNum=3 didProduceBuffer=true syncBuffer=false
03-04 21:28:31.234 21472 21472 D VRI[MainActivity]: draw finished.
03-04 21:28:31.253 21472 21472 D VRI[MainActivity]: onFocusEvent true
03-04 21:28:31.307 21472 21472 D InsetsController: show(ime(), fromIme=true)
03-04 21:28:42.973 21472 21472 V AutofillManager: requestHideFillUi(null): anchor = null
03-04 21:28:42.980 21472 21472 D OplusSystemUINavigationGestureExtImpl: regionString = null
03-04 21:28:43.082 21472 21472 D OplusScrollToTopManager: unregisterGuidePopupDismissReceiverInSystemUI
03-04 21:28:43.083 21472 21472 D OplusScrollToTopManager: Receiver not registered: android.view.OplusScrollToTopManager$1@e5b77e9
03-04 21:28:43.083 21472 21472 D OplusScrollToTopManager: unregisterSystemUIBroadcastReceiver 
03-04 21:28:43.083 21472 21472 D OplusScrollToTopManager: java.lang.IllegalArgumentException: Receiver not registered: android.view.OplusScrollToTopManager$2@2b13c6e
03-04 21:28:43.087 21472 21472 V ZoomWindowDecorView: removeZoomView
03-04 21:28:43.088 21472 21520 D BufferQueueProducer: [VRI[MainActivity]#9(BLAST Consumer)9](id:53e000000009,api:1,p:21472,c:21472) disconnect: api 1
03-04 21:28:43.088 21472 21520 D OpenGLRenderer: endAllActiveAnimators on 0xb400006f7d697200 (RippleDrawable) with handle 0xb400006f8656bec0
03-04 21:28:43.117 21472 23055 D BufferQueueConsumer: [VRI[MainActivity]#9(BLAST Consumer)9](id:53e000000009,api:0,p:-1,c:21472) disconnect
03-04 21:28:43.119 21472 21472 I Quality : Skipped: true 1 cost 29.760303 refreshRate 16664600 bit true processName com.pololo365.MiExpo
03-04 21:28:43.121 21472 21472 W OnBackInvokedCallback: OnBackInvokedCallback is not enabled for the application.
03-04 21:28:43.121 21472 21472 W OnBackInvokedCallback: Set 'android:enableOnBackInvokedCallback="true"' in the application manifest.
03-04 21:28:43.163 21472 21472 D VRI[MainActivity]: onFocusEvent true
03-04 21:28:43.163 21472 21472 W OnBackInvokedCallback: OnBackInvokedCallback is not enabled for the application.
03-04 21:28:43.163 21472 21472 W OnBackInvokedCallback: Set 'android:enableOnBackInvokedCallback="true"' in the application manifest.
