03-04 22:30:00.388  9856  9856 V TextView: notifyAutoFillManagerAfterTextChanged
03-04 22:30:00.388  9856  9856 V AutofillManager: updateSessionLocked(): id=1073741825, bounds=null, value=[type=1, value=2_chars], action=4, flags=128
03-04 22:30:00.392  9856  9856 D CursorFeedback: getExtraCursorWidth
03-04 22:30:00.392  9856  9856 D CursorFeedback: getExtraLeftOffset
03-04 22:30:00.406  9856  9856 V TextView: notifyAutoFillManagerAfterTextChanged
03-04 22:30:00.407  9856  9856 V AutofillManager: updateSessionLocked(): id=1073741825, bounds=null, value=[type=1, value=2_chars], action=4, flags=128
03-04 22:30:00.408  9856  9856 D CursorFeedback: getExtraCursorWidth
03-04 22:30:00.408  9856  9856 D CursorFeedback: getExtraLeftOffset
03-04 22:30:01.566  9856  9856 V TextView: notifyAutoFillManagerAfterTextChanged
03-04 22:30:01.566  9856  9856 V AutofillManager: updateSessionLocked(): id=1073741825, bounds=null, value=[type=1, value=1_chars], action=4, flags=128
03-04 22:30:01.570  9856  9856 D CursorFeedback: getExtraCursorWidth
03-04 22:30:01.570  9856  9856 D CursorFeedback: getExtraLeftOffset
03-04 22:30:01.588  9856  9856 V TextView: notifyAutoFillManagerAfterTextChanged
03-04 22:30:01.589  9856  9856 V AutofillManager: updateSessionLocked(): id=1073741825, bounds=null, value=[type=1, value=1_chars], action=4, flags=128
03-04 22:30:01.589  9856  9856 D CursorFeedback: getExtraCursorWidth
03-04 22:30:01.590  9856  9856 D CursorFeedback: getExtraLeftOffset
03-04 22:30:01.806  9856  9856 V TextView: notifyAutoFillManagerAfterTextChanged
03-04 22:30:01.806  9856  9856 V AutofillManager: updateSessionLocked(): id=1073741825, bounds=null, value=[type=1, value=0_chars], action=4, flags=128
03-04 22:30:01.821  9856  9856 D CursorFeedback: getExtraCursorWidth
03-04 22:30:01.821  9856  9856 D CursorFeedback: getExtraLeftOffset
03-04 22:30:01.850  9856  9856 V TextView: notifyAutoFillManagerAfterTextChanged
03-04 22:30:01.850  9856  9856 V AutofillManager: updateSessionLocked(): id=1073741825, bounds=null, value=[type=1, value=0_chars], action=4, flags=128
03-04 22:30:01.851  9856  9856 D CursorFeedback: getExtraCursorWidth
03-04 22:30:01.851  9856  9856 D CursorFeedback: getExtraLeftOffset
03-04 22:30:01.893  9856  9856 D InsetsController: show(ime(), fromIme=true)
03-04 22:30:05.128  9856  9856 V TextView: notifyAutoFillManagerAfterTextChanged
03-04 22:30:05.128  9856  9856 V AutofillManager: updateSessionLocked(): id=1073741825, bounds=null, value=[type=1, value=1_chars], action=4, flags=128
03-04 22:30:05.138  9856  9856 D CursorFeedback: getExtraCursorWidth
03-04 22:30:05.138  9856  9856 D CursorFeedback: getExtraLeftOffset
03-04 22:30:05.170  9856  9856 V TextView: notifyAutoFillManagerAfterTextChanged
03-04 22:30:05.170  9856  9856 V AutofillManager: updateSessionLocked(): id=1073741825, bounds=null, value=[type=1, value=1_chars], action=4, flags=128
03-04 22:30:05.171  9856  9856 D CursorFeedback: getExtraCursorWidth
03-04 22:30:05.171  9856  9856 D CursorFeedback: getExtraLeftOffset
03-04 22:30:05.531  9856  9856 V TextView: notifyAutoFillManagerAfterTextChanged
03-04 22:30:05.531  9856  9856 V AutofillManager: updateSessionLocked(): id=1073741825, bounds=null, value=[type=1, value=2_chars], action=4, flags=128
03-04 22:30:05.540  9856  9856 D CursorFeedback: getExtraCursorWidth
03-04 22:30:05.540  9856  9856 D CursorFeedback: getExtraLeftOffset
03-04 22:30:05.569  9856  9856 V TextView: notifyAutoFillManagerAfterTextChanged
03-04 22:30:05.569  9856  9856 V AutofillManager: updateSessionLocked(): id=1073741825, bounds=null, value=[type=1, value=2_chars], action=4, flags=128
03-04 22:30:05.571  9856  9856 D CursorFeedback: getExtraCursorWidth
03-04 22:30:05.571  9856  9856 D CursorFeedback: getExtraLeftOffset
03-04 22:30:06.539  9856  9856 V TextView: notifyAutoFillManagerAfterTextChanged
03-04 22:30:06.540  9856  9856 V AutofillManager: updateSessionLocked(): id=1073741825, bounds=null, value=[type=1, value=3_chars], action=4, flags=128
03-04 22:30:06.553  9856  9856 D CursorFeedback: getExtraCursorWidth
03-04 22:30:06.553  9856  9856 D CursorFeedback: getExtraLeftOffset
03-04 22:30:06.587  9856  9856 V TextView: notifyAutoFillManagerAfterTextChanged
03-04 22:30:06.588  9856  9856 V AutofillManager: updateSessionLocked(): id=1073741825, bounds=null, value=[type=1, value=3_chars], action=4, flags=128
03-04 22:30:06.591  9856  9856 D CursorFeedback: getExtraCursorWidth
03-04 22:30:06.591  9856  9856 D CursorFeedback: getExtraLeftOffset
03-04 22:30:06.883  9856  9856 V TextView: notifyAutoFillManagerAfterTextChanged
03-04 22:30:06.883  9856  9856 V AutofillManager: updateSessionLocked(): id=1073741825, bounds=null, value=[type=1, value=4_chars], action=4, flags=128
03-04 22:30:06.891  9856  9856 D CursorFeedback: getExtraCursorWidth
03-04 22:30:06.892  9856  9856 D CursorFeedback: getExtraLeftOffset
03-04 22:30:06.917  9856  9856 V TextView: notifyAutoFillManagerAfterTextChanged
03-04 22:30:06.917  9856  9856 V AutofillManager: updateSessionLocked(): id=1073741825, bounds=null, value=[type=1, value=4_chars], action=4, flags=128
03-04 22:30:06.919  9856  9856 D CursorFeedback: getExtraCursorWidth
03-04 22:30:06.919  9856  9856 D CursorFeedback: getExtraLeftOffset
03-04 22:30:07.260  9856  9856 V TextView: notifyAutoFillManagerAfterTextChanged
03-04 22:30:07.261  9856  9856 V AutofillManager: updateSessionLocked(): id=1073741825, bounds=null, value=[type=1, value=5_chars], action=4, flags=128
03-04 22:30:07.270  9856  9856 D CursorFeedback: getExtraCursorWidth
03-04 22:30:07.270  9856  9856 D CursorFeedback: getExtraLeftOffset
03-04 22:30:07.302  9856  9856 V TextView: notifyAutoFillManagerAfterTextChanged
03-04 22:30:07.302  9856  9856 V AutofillManager: updateSessionLocked(): id=1073741825, bounds=null, value=[type=1, value=5_chars], action=4, flags=128
03-04 22:30:07.303  9856  9856 D CursorFeedback: getExtraCursorWidth
03-04 22:30:07.303  9856  9856 D CursorFeedback: getExtraLeftOffset
03-04 22:30:08.828  9856  9856 V TextView: notifyAutoFillManagerAfterTextChanged
03-04 22:30:08.828  9856  9856 V AutofillManager: updateSessionLocked(): id=1073741825, bounds=null, value=[type=1, value=4_chars], action=4, flags=128
03-04 22:30:08.834  9856  9856 D CursorFeedback: getExtraCursorWidth
03-04 22:30:08.834  9856  9856 D CursorFeedback: getExtraLeftOffset
03-04 22:30:08.871  9856  9856 V TextView: notifyAutoFillManagerAfterTextChanged
03-04 22:30:08.871  9856  9856 V AutofillManager: updateSessionLocked(): id=1073741825, bounds=null, value=[type=1, value=4_chars], action=4, flags=128
03-04 22:30:08.875  9856  9856 D CursorFeedback: getExtraCursorWidth
03-04 22:30:08.875  9856  9856 D CursorFeedback: getExtraLeftOffset
03-04 22:30:09.038  9856  9856 V TextView: notifyAutoFillManagerAfterTextChanged
03-04 22:30:09.038  9856  9856 V AutofillManager: updateSessionLocked(): id=1073741825, bounds=null, value=[type=1, value=3_chars], action=4, flags=128
03-04 22:30:09.052  9856  9856 D CursorFeedback: getExtraCursorWidth
03-04 22:30:09.052  9856  9856 D CursorFeedback: getExtraLeftOffset
03-04 22:30:09.085  9856  9856 V TextView: notifyAutoFillManagerAfterTextChanged
03-04 22:30:09.086  9856  9856 V AutofillManager: updateSessionLocked(): id=1073741825, bounds=null, value=[type=1, value=3_chars], action=4, flags=128
03-04 22:30:09.089  9856  9856 D CursorFeedback: getExtraCursorWidth
03-04 22:30:09.089  9856  9856 D CursorFeedback: getExtraLeftOffset
03-04 22:30:09.267  9856  9856 V TextView: notifyAutoFillManagerAfterTextChanged
03-04 22:30:09.267  9856  9856 V AutofillManager: updateSessionLocked(): id=1073741825, bounds=null, value=[type=1, value=2_chars], action=4, flags=128
03-04 22:30:09.286  9856  9856 D CursorFeedback: getExtraCursorWidth
03-04 22:30:09.286  9856  9856 D CursorFeedback: getExtraLeftOffset
03-04 22:30:09.299  9856  9856 V TextView: notifyAutoFillManagerAfterTextChanged
03-04 22:30:09.300  9856  9856 V AutofillManager: updateSessionLocked(): id=1073741825, bounds=null, value=[type=1, value=2_chars], action=4, flags=128
03-04 22:30:09.301  9856  9856 D CursorFeedback: getExtraCursorWidth
03-04 22:30:09.301  9856  9856 D CursorFeedback: getExtraLeftOffset
03-04 22:30:10.192  9856  9856 V TextView: notifyAutoFillManagerAfterTextChanged
03-04 22:30:10.192  9856  9856 V AutofillManager: updateSessionLocked(): id=1073741825, bounds=null, value=[type=1, value=3_chars], action=4, flags=128
03-04 22:30:10.201  9856  9856 D CursorFeedback: getExtraCursorWidth
03-04 22:30:10.201  9856  9856 D CursorFeedback: getExtraLeftOffset
03-04 22:30:10.232  9856  9856 V TextView: notifyAutoFillManagerAfterTextChanged
03-04 22:30:10.232  9856  9856 V AutofillManager: updateSessionLocked(): id=1073741825, bounds=null, value=[type=1, value=3_chars], action=4, flags=128
03-04 22:30:10.233  9856  9856 D CursorFeedback: getExtraCursorWidth
03-04 22:30:10.233  9856  9856 D CursorFeedback: getExtraLeftOffset
03-04 22:30:10.574  9856  9856 V TextView: notifyAutoFillManagerAfterTextChanged
03-04 22:30:10.575  9856  9856 V AutofillManager: updateSessionLocked(): id=1073741825, bounds=null, value=[type=1, value=4_chars], action=4, flags=128
03-04 22:30:10.582  9856  9856 D CursorFeedback: getExtraCursorWidth
03-04 22:30:10.582  9856  9856 D CursorFeedback: getExtraLeftOffset
03-04 22:30:10.622  9856  9856 V TextView: notifyAutoFillManagerAfterTextChanged
03-04 22:30:10.622  9856  9856 V AutofillManager: updateSessionLocked(): id=1073741825, bounds=null, value=[type=1, value=4_chars], action=4, flags=128
03-04 22:30:10.624  9856  9856 D CursorFeedback: getExtraCursorWidth
03-04 22:30:10.624  9856  9856 D CursorFeedback: getExtraLeftOffset
03-04 22:30:10.881  9856  9856 V TextView: notifyAutoFillManagerAfterTextChanged
03-04 22:30:10.881  9856  9856 V AutofillManager: updateSessionLocked(): id=1073741825, bounds=null, value=[type=1, value=5_chars], action=4, flags=128
03-04 22:30:10.887  9856  9856 D CursorFeedback: getExtraCursorWidth
03-04 22:30:10.887  9856  9856 D CursorFeedback: getExtraLeftOffset
03-04 22:30:10.919  9856  9856 V TextView: notifyAutoFillManagerAfterTextChanged
03-04 22:30:10.919  9856  9856 V AutofillManager: updateSessionLocked(): id=1073741825, bounds=null, value=[type=1, value=5_chars], action=4, flags=128
03-04 22:30:10.921  9856  9856 D CursorFeedback: getExtraCursorWidth
03-04 22:30:10.921  9856  9856 D CursorFeedback: getExtraLeftOffset
03-04 22:30:12.816  9856  9856 V TextView: notifyAutoFillManagerAfterTextChanged
03-04 22:30:12.817  9856  9856 V AutofillManager: updateSessionLocked(): id=1073741825, bounds=null, value=[type=1, value=6_chars], action=4, flags=128
03-04 22:30:12.824  9856  9856 D CursorFeedback: getExtraCursorWidth
03-04 22:30:12.824  9856  9856 D CursorFeedback: getExtraLeftOffset
03-04 22:30:12.850  9856  9856 V TextView: notifyAutoFillManagerAfterTextChanged
03-04 22:30:12.850  9856  9856 V AutofillManager: updateSessionLocked(): id=1073741825, bounds=null, value=[type=1, value=6_chars], action=4, flags=128
03-04 22:30:12.851  9856  9856 D CursorFeedback: getExtraCursorWidth
03-04 22:30:12.851  9856  9856 D CursorFeedback: getExtraLeftOffset
03-04 22:30:13.699  9856  9856 V TextView: notifyAutoFillManagerAfterTextChanged
03-04 22:30:13.700  9856  9856 V AutofillManager: updateSessionLocked(): id=1073741825, bounds=null, value=[type=1, value=11_chars], action=4, flags=128
03-04 22:30:13.708  9856  9856 D CursorFeedback: getExtraCursorWidth
03-04 22:30:13.708  9856  9856 D CursorFeedback: getExtraLeftOffset
03-04 22:30:13.726  9856  9952 I ReactNativeJS: 'Error al cargar la contraseña', [Error: Invalid key provided to SecureStore. Keys must not be empty and contain only alphanumeric characters, ".", "-", and "_".]
03-04 22:30:13.730  9856  9856 V TextView: notifyAutoFillManagerAfterTextChanged
03-04 22:30:13.730  9856  9856 V AutofillManager: updateSessionLocked(): id=1073741825, bounds=null, value=[type=1, value=11_chars], action=4, flags=128
03-04 22:30:13.732  9856  9856 D CursorFeedback: getExtraCursorWidth
03-04 22:30:13.732  9856  9856 D CursorFeedback: getExtraLeftOffset
03-04 22:30:14.669  9856  9856 V TextView: notifyAutoFillManagerAfterTextChanged
03-04 22:30:14.669  9856  9856 V AutofillManager: updateSessionLocked(): id=1073741825, bounds=null, value=[type=1, value=10_chars], action=4, flags=128
03-04 22:30:14.681  9856  9856 D CursorFeedback: getExtraCursorWidth
03-04 22:30:14.681  9856  9856 D CursorFeedback: getExtraLeftOffset
03-04 22:30:14.714  9856  9856 V TextView: notifyAutoFillManagerAfterTextChanged
03-04 22:30:14.714  9856  9856 V AutofillManager: updateSessionLocked(): id=1073741825, bounds=null, value=[type=1, value=10_chars], action=4, flags=128
03-04 22:30:14.716  9856  9856 D CursorFeedback: getExtraCursorWidth
03-04 22:30:14.716  9856  9856 D CursorFeedback: getExtraLeftOffset
03-04 22:30:15.627  9856  9856 V AutofillManager: requestHideFillUi(null): anchor = null
03-04 22:30:16.239  9856  9856 D WindowManager: Add to mViews: android.widget.PopupWindow$PopupDecorView{f77a3df V.E...... R.....I. 0,0-0,0},pkg= com.pololo365.MiExpo
03-04 22:30:16.257  9856  9856 D ViewRootImplExtImpl: onDisplayChanged -1 for VRI android.view.ViewRootImpl@dc9efb
03-04 22:30:16.258  9856  9856 D InputEventReceiver: Input log is disabled
03-04 22:30:16.269  9856  9856 I Quality : Skipped: false 1 cost 28.084332 refreshRate 16653999 bit true processName com.pololo365.MiExpo
03-04 22:30:16.289  9856  9856 D BufferQueueConsumer: [](id:268000000007,api:0,p:-1,c:9856) connect: controlledByApp=false
03-04 22:30:16.289  9856  9856 E IPCThreadState: attemptIncStrongHandle(82): Not supported
03-04 22:30:16.293  9856  9930 D BufferQueueProducer: [VRI[PopupWindow:840027e]#7(BLAST Consumer)7](id:268000000007,api:1,p:9856,c:9856) connect: api=1 producerControlledByApp=true
03-04 22:30:16.296  9856  9856 D VRI[PopupWindow:840027e]: registerCallbacksForSync syncBuffer=false
03-04 22:30:16.300  9856  9930 D VRI[PopupWindow:840027e]: Received frameCommittedCallback lastAttemptedDrawFrameNum=1 didProduceBuffer=true syncBuffer=false
03-04 22:30:16.301  9856  9930 W Parcel  : Expecting binder but got null!
03-04 22:30:16.302  9856  9856 D VRI[PopupWindow:840027e]: draw finished.
03-04 22:30:16.303  9856  9856 I Quality : Skipped: false 1 cost 29.133696 refreshRate 16654749 bit true processName com.pololo365.MiExpo
03-04 22:30:16.311  9856  9856 D VRI[PopupWindow:840027e]: registerCallbacksForSync syncBuffer=false
03-04 22:30:16.313  9856  9930 D VRI[PopupWindow:840027e]: Received frameCommittedCallback lastAttemptedDrawFrameNum=2 didProduceBuffer=false syncBuffer=false
03-04 22:30:16.313  9856  9856 D VRI[PopupWindow:840027e]: draw finished.
03-04 22:30:16.541  9856  9856 D WindowManager: Add to mViews: android.widget.PopupWindow$PopupDecorView{8945b19 V.E...... R.....I. 0,0-0,0},pkg= com.pololo365.MiExpo
03-04 22:30:16.552  9856  9856 D ViewRootImplExtImpl: onDisplayChanged -1 for VRI android.view.ViewRootImpl@2068fd5
03-04 22:30:16.553  9856  9856 D InputEventReceiver: Input log is disabled
03-04 22:30:16.555  9856  9856 I Quality : Skipped: false 3 cost 64.419815 refreshRate 16653820 bit true processName com.pololo365.MiExpo
03-04 22:30:16.572  9856  9856 D BufferQueueConsumer: [](id:268000000008,api:0,p:-1,c:9856) connect: controlledByApp=false
03-04 22:30:16.577  9856  9930 D BufferQueueProducer: [VRI[PopupWindow:1b08a60]#8(BLAST Consumer)8](id:268000000008,api:1,p:9856,c:9856) connect: api=1 producerControlledByApp=true
03-04 22:30:16.590  9856  9856 D VRI[PopupWindow:1b08a60]: registerCallbacksForSync syncBuffer=false
03-04 22:30:16.596  9856  9930 D VRI[PopupWindow:1b08a60]: Received frameCommittedCallback lastAttemptedDrawFrameNum=1 didProduceBuffer=true syncBuffer=false
03-04 22:30:16.596  9856  9930 W Parcel  : Expecting binder but got null!
03-04 22:30:16.598  9856  9856 D VRI[PopupWindow:1b08a60]: draw finished.
03-04 22:30:16.601  9856  9856 I Quality : Skipped: false 2 cost 43.83177 refreshRate 16653820 bit true processName com.pololo365.MiExpo
03-04 22:30:16.602  9856  9856 V AutofillManager: updateSessionLocked(): id=1073741825, bounds=null, value=null, action=3, flags=0
03-04 22:30:16.603  9856  9856 V AutofillManager: updateSessionLocked(): id=1073741826, bounds=null, value=[type=1, value=0_chars], action=2, flags=132
03-04 22:30:16.618  9856  9856 D InputMethodManager: showSoftInput() view=com.facebook.react.views.textinput.ReactEditText{4c304c4 VFED..CL. .F....ID 60,618-1020,729 #2e aid=1073741826} flags=0 reason=SHOW_SOFT_INPUT
03-04 22:30:16.628  9856  9856 I Quality : Skipped: false 1 cost 21.128973 refreshRate 16653705 bit true processName com.pololo365.MiExpo
03-04 22:30:16.629  9856  9856 D VRI[PopupWindow:1b08a60]: registerCallbacksForSync syncBuffer=false
03-04 22:30:16.637  9856  9930 D VRI[PopupWindow:1b08a60]: Received frameCommittedCallback lastAttemptedDrawFrameNum=3 didProduceBuffer=true syncBuffer=false
03-04 22:30:16.638  9856  9856 D VRI[PopupWindow:1b08a60]: draw finished.
03-04 22:30:16.638  9856  9856 W RemoteInputConnectionImpl: requestCursorAnchorInfo on inactive InputConnection
03-04 22:30:16.697  9856  9856 W OnBackInvokedCallback: OnBackInvokedCallback is not enabled for the application.
03-04 22:30:16.697  9856  9856 W OnBackInvokedCallback: Set 'android:enableOnBackInvokedCallback="true"' in the application manifest.
03-04 22:30:16.699  9856  9856 D InsetsController: show(ime(), fromIme=true)
03-04 22:30:16.720  9856  9856 D InsetsController: show(ime(), fromIme=true)
03-04 22:30:17.288  9856  9856 V AutofillManager: requestHideFillUi(null): anchor = null
03-04 22:30:17.293  9856  9856 D OplusSystemUINavigationGestureExtImpl: regionString = null
03-04 22:30:17.379  9856  9856 D OplusScrollToTopManager: unregisterGuidePopupDismissReceiverInSystemUI
03-04 22:30:17.380  9856  9856 D OplusScrollToTopManager: Receiver not registered: android.view.OplusScrollToTopManager$1@2b2b48e
03-04 22:30:17.381  9856  9856 D OplusScrollToTopManager: unregisterSystemUIBroadcastReceiver 
03-04 22:30:17.381  9856  9856 D OplusScrollToTopManager: java.lang.IllegalArgumentException: Receiver not registered: android.view.OplusScrollToTopManager$2@cee54af
03-04 22:30:17.382  9856  9856 V ZoomWindowDecorView: removeZoomView
03-04 22:30:17.385  9856  9930 D BufferQueueProducer: [VRI[PopupWindow:840027e]#7(BLAST Consumer)7](id:268000000007,api:1,p:9856,c:9856) disconnect: api 1
03-04 22:30:17.386  9856  9856 D BufferQueueConsumer: [VRI[PopupWindow:840027e]#7(BLAST Consumer)7](id:268000000007,api:0,p:-1,c:9856) disconnect
03-04 22:30:17.406  9856  9856 V TextView: notifyAutoFillManagerAfterTextChanged
03-04 22:30:17.406  9856  9856 V AutofillManager: updateSessionLocked(): id=1073741826, bounds=null, value=[type=1, value=11_chars], action=4, flags=128
03-04 22:30:17.409  9856  9856 I Quality : Skipped: false 2 cost 35.440582 refreshRate 16661528 bit true processName com.pololo365.MiExpo
03-04 22:30:17.412  9856  9856 D CursorFeedback: getExtraCursorWidth
03-04 22:30:17.412  9856  9856 D CursorFeedback: getExtraLeftOffset
03-04 22:30:17.421  9856  9856 V AutofillManager: notifyCallback(): sessionId=110068902, autofillId=1073741826@110068902, event=2
03-04 22:30:17.676  9856  9856 D OplusScrollToTopManager: unregisterGuidePopupDismissReceiverInSystemUI
03-04 22:30:17.676  9856  9856 D OplusScrollToTopManager: Receiver not registered: android.view.OplusScrollToTopManager$1@204c766
03-04 22:30:17.676  9856  9856 D OplusScrollToTopManager: unregisterSystemUIBroadcastReceiver 
03-04 22:30:17.676  9856  9856 D OplusScrollToTopManager: java.lang.IllegalArgumentException: Receiver not registered: android.view.OplusScrollToTopManager$2@fae2aa7
03-04 22:30:17.679  9856  9856 V ZoomWindowDecorView: removeZoomView
03-04 22:30:17.684  9856  9930 D BufferQueueProducer: [VRI[PopupWindow:1b08a60]#8(BLAST Consumer)8](id:268000000008,api:1,p:9856,c:9856) disconnect: api 1
03-04 22:30:17.684  9856  9930 D OpenGLRenderer: endAllActiveAnimators on 0xb400006f7b481800 (RippleDrawable) with handle 0xb400006fed55bba0
03-04 22:30:17.720  9856  9903 D BufferQueueConsumer: [VRI[PopupWindow:1b08a60]#8(BLAST Consumer)8](id:268000000008,api:0,p:-1,c:9856) disconnect
03-04 22:30:34.529  9856  9856 V AutofillManager: requestHideFillUi(null): anchor = null
03-04 22:30:34.651  9856  9856 W OnBackInvokedCallback: OnBackInvokedCallback is not enabled for the application.
03-04 22:30:34.651  9856  9856 W OnBackInvokedCallback: Set 'android:enableOnBackInvokedCallback="true"' in the application manifest.
03-04 22:30:34.665  9856  9856 I oplus.android.OplusFrameworkFactoryImpl: get feature:IOplusDynamicVsyncFeature
03-04 22:30:34.666  9856  9856 I oplus.android.OplusFrameworkFactoryImpl: get feature:IOplusDynamicVsyncFeature
03-04 22:30:34.666  9856  9856 I oplus.android.OplusFrameworkFactoryImpl: get feature:IOplusDynamicVsyncFeature
03-04 22:30:34.670  9856  9856 I oplus.android.OplusFrameworkFactoryImpl: get feature:IOplusDynamicVsyncFeature
03-04 22:30:34.670  9856  9856 I oplus.android.OplusFrameworkFactoryImpl: get feature:IOplusDynamicVsyncFeature
03-04 22:30:34.670  9856  9856 I oplus.android.OplusFrameworkFactoryImpl: get feature:IOplusDynamicVsyncFeature
03-04 22:30:34.678  9856  9856 D WindowManager: Add to mViews: DecorView@12748d9[MainActivity],pkg= com.pololo365.MiExpo
03-04 22:30:34.691  9856  9856 D ViewRootImplExtImpl: onDisplayChanged -1 for VRI android.view.ViewRootImpl@a3a9995
03-04 22:30:34.691  9856  9856 D InputEventReceiver: Input log is disabled
03-04 22:30:34.692  9856  9856 I Quality : Skipped: false 1 cost 32.159164 refreshRate 16653741 bit true processName com.pololo365.MiExpo
03-04 22:30:34.693  9856  9856 V TextView: notifyAutoFillManagerAfterTextChanged
03-04 22:30:34.693  9856  9856 V AutofillManager: updateSessionLocked(): id=1073741825, bounds=null, value=[type=1, value=0_chars], action=4, flags=128
03-04 22:30:34.694  9856  9856 V TextView: notifyAutoFillManagerAfterTextChanged
03-04 22:30:34.694  9856  9856 V AutofillManager: updateSessionLocked(): id=1073741826, bounds=null, value=[type=1, value=0_chars], action=4, flags=128
03-04 22:30:34.695  9856  9856 V TextView: notifyAutoFillManagerAfterTextChanged
03-04 22:30:34.695  9856  9856 V AutofillManager: updateSessionLocked(): id=1073741825, bounds=null, value=[type=1, value=0_chars], action=4, flags=128
03-04 22:30:34.713  9856  9856 D BufferQueueConsumer: [](id:268000000009,api:0,p:-1,c:9856) connect: controlledByApp=false
03-04 22:30:34.713  9856  9856 E IPCThreadState: attemptIncStrongHandle(71): Not supported
03-04 22:30:34.713  9856  9856 E IPCThreadState: attemptIncStrongHandle(68): Not supported
03-04 22:30:34.714  9856  9856 V ZoomWindowDecorView: setLastReportedMergedConfiguration mZoomDisplayHeight: 2400 getDecorView.19351769
03-04 22:30:34.716  9856  9856 D VRI[MainActivity]: registerCallbacksForSync syncBuffer=false
03-04 22:30:34.733  9856  9930 D BufferQueueProducer: [VRI[MainActivity]#9(BLAST Consumer)9](id:268000000009,api:1,p:9856,c:9856) connect: api=1 producerControlledByApp=true
03-04 22:30:34.750  9856  9930 D VRI[MainActivity]: Received frameCommittedCallback lastAttemptedDrawFrameNum=1 didProduceBuffer=true syncBuffer=false
03-04 22:30:34.751  9856  9930 W Parcel  : Expecting binder but got null!
03-04 22:30:34.752  9856  9856 D VRI[MainActivity]: draw finished.
03-04 22:30:34.753  9856  9856 D CursorFeedback: getExtraCursorWidth
03-04 22:30:34.753  9856  9856 D CursorFeedback: getExtraLeftOffset
03-04 22:30:34.756  9856  9856 D VRI[MainActivity]: onFocusEvent false
03-04 22:30:34.767  9856  9856 I Quality : Skipped: false 4 cost 73.41401 refreshRate 16653827 bit true processName com.pololo365.MiExpo
03-04 22:30:34.777  9856  9856 V AutofillManager: notifyCallback(): sessionId=110068902, autofillId=1073741826@110068902, event=1
03-04 22:30:34.779  9856  9856 D VRI[MainActivity]: registerCallbacksForSync syncBuffer=false
03-04 22:30:34.784  9856  9930 D VRI[MainActivity]: Received frameCommittedCallback lastAttemptedDrawFrameNum=3 didProduceBuffer=true syncBuffer=false
03-04 22:30:34.785  9856  9856 D VRI[MainActivity]: draw finished.
03-04 22:30:34.819  9856  9856 D VRI[MainActivity]: onFocusEvent true
03-04 22:30:34.910  9856  9856 D InsetsController: show(ime(), fromIme=true)
03-04 22:30:37.149  9856  9856 V AutofillManager: requestHideFillUi(null): anchor = null
03-04 22:30:37.154  9856  9856 D OplusSystemUINavigationGestureExtImpl: regionString = null
03-04 22:30:37.269  9856  9856 D OplusScrollToTopManager: unregisterGuidePopupDismissReceiverInSystemUI
03-04 22:30:37.269  9856  9856 D OplusScrollToTopManager: Receiver not registered: android.view.OplusScrollToTopManager$1@f788675
03-04 22:30:37.269  9856  9856 D OplusScrollToTopManager: unregisterSystemUIBroadcastReceiver 
03-04 22:30:37.269  9856  9856 D OplusScrollToTopManager: java.lang.IllegalArgumentException: Receiver not registered: android.view.OplusScrollToTopManager$2@2c7160a
03-04 22:30:37.274  9856  9856 V ZoomWindowDecorView: removeZoomView
03-04 22:30:37.275  9856  9930 D BufferQueueProducer: [VRI[MainActivity]#9(BLAST Consumer)9](id:268000000009,api:1,p:9856,c:9856) disconnect: api 1
03-04 22:30:37.276  9856  9930 D OpenGLRenderer: endAllActiveAnimators on 0xb400006f7b5d8600 (RippleDrawable) with handle 0xb400006f81309ba0
03-04 22:30:37.296  9856  9903 D BufferQueueConsumer: [VRI[MainActivity]#9(BLAST Consumer)9](id:268000000009,api:0,p:-1,c:9856) disconnect
03-04 22:30:37.299  9856  9856 I Quality : Skipped: true 1 cost 22.97399 refreshRate 16663771 bit true processName com.pololo365.MiExpo
03-04 22:30:37.300  9856  9856 W OnBackInvokedCallback: OnBackInvokedCallback is not enabled for the application.
03-04 22:30:37.300  9856  9856 W OnBackInvokedCallback: Set 'android:enableOnBackInvokedCallback="true"' in the application manifest.
03-04 22:30:37.330  9856  9856 D VRI[MainActivity]: onFocusEvent true
03-04 22:30:37.331  9856  9856 W OnBackInvokedCallback: OnBackInvokedCallback is not enabled for the application.
03-04 22:30:37.331  9856  9856 W OnBackInvokedCallback: Set 'android:enableOnBackInvokedCallback="true"' in the application manifest.
03-04 22:35:19.600  9856  9856 V AutofillManager: requestHideFillUi(null): anchor = null
03-04 22:35:19.719  9856  9856 D InputMethodManager: showSoftInput() view=com.facebook.react.views.textinput.ReactEditText{4c304c4 VFED..CL. .F.P.... 60,618-1020,729 #2e aid=1073741826} flags=0 reason=SHOW_SOFT_INPUT
03-04 22:35:19.724  9856  9856 V AutofillManager: updateSessionLocked(): id=1073741826, bounds=null, value=[type=1, value=0_chars], action=2, flags=132
03-04 22:35:19.733  9856  9856 D InsetsController: show(ime(), fromIme=true)
03-04 22:35:20.347  9856  9856 V AutofillManager: requestHideFillUi(null): anchor = null
03-04 22:35:20.468  9856  9856 V AutofillManager: updateSessionLocked(): id=1073741826, bounds=null, value=null, action=3, flags=0
03-04 22:35:20.470  9856  9856 V AutofillManager: updateSessionLocked(): id=1073741825, bounds=null, value=[type=1, value=0_chars], action=2, flags=128
03-04 22:35:20.482  9856  9856 D InputMethodManager: showSoftInput() view=com.facebook.react.views.textinput.ReactEditText{9f6b756 VFED..CL. .F.P..ID 60,420-1020,531 #28 aid=1073741825} flags=0 reason=SHOW_SOFT_INPUT
03-04 22:35:20.486  9856  9856 D CursorFeedback: getExtraCursorWidth
03-04 22:35:20.486  9856  9856 D CursorFeedback: getExtraLeftOffset
03-04 22:35:20.489  9856  9856 W RemoteInputConnectionImpl: requestCursorAnchorInfo on inactive InputConnection
03-04 22:35:20.591  9856  9856 W OnBackInvokedCallback: OnBackInvokedCallback is not enabled for the application.
03-04 22:35:20.591  9856  9856 W OnBackInvokedCallback: Set 'android:enableOnBackInvokedCallback="true"' in the application manifest.
03-04 22:35:20.594  9856  9856 D InsetsController: show(ime(), fromIme=true)
03-04 22:35:20.620  9856  9856 D InsetsController: show(ime(), fromIme=true)
03-04 22:35:23.696  9856  9856 V TextView: notifyAutoFillManagerAfterTextChanged
03-04 22:35:23.697  9856  9856 V AutofillManager: updateSessionLocked(): id=1073741825, bounds=null, value=[type=1, value=1_chars], action=4, flags=128
03-04 22:35:23.704  9856  9856 D CursorFeedback: getExtraCursorWidth
03-04 22:35:23.704  9856  9856 D CursorFeedback: getExtraLeftOffset
03-04 22:35:23.732  9856  9856 V TextView: notifyAutoFillManagerAfterTextChanged
03-04 22:35:23.732  9856  9856 V AutofillManager: updateSessionLocked(): id=1073741825, bounds=null, value=[type=1, value=1_chars], action=4, flags=128
03-04 22:35:23.733  9856  9856 D CursorFeedback: getExtraCursorWidth
03-04 22:35:23.733  9856  9856 D CursorFeedback: getExtraLeftOffset
03-04 22:35:25.347  9856  9856 V TextView: notifyAutoFillManagerAfterTextChanged
03-04 22:35:25.348  9856  9856 V AutofillManager: updateSessionLocked(): id=1073741825, bounds=null, value=[type=1, value=0_chars], action=4, flags=128
03-04 22:35:25.357  9856  9856 D CursorFeedback: getExtraCursorWidth
03-04 22:35:25.357  9856  9856 D CursorFeedback: getExtraLeftOffset
03-04 22:35:25.381  9856  9856 V TextView: notifyAutoFillManagerAfterTextChanged
03-04 22:35:25.381  9856  9856 V AutofillManager: updateSessionLocked(): id=1073741825, bounds=null, value=[type=1, value=0_chars], action=4, flags=128
03-04 22:35:25.382  9856  9856 D CursorFeedback: getExtraCursorWidth
03-04 22:35:25.382  9856  9856 D CursorFeedback: getExtraLeftOffset
03-04 22:35:25.445  9856  9856 D InsetsController: show(ime(), fromIme=true)
03-04 22:35:29.267  9856  9856 V TextView: notifyAutoFillManagerAfterTextChanged
03-04 22:35:29.267  9856  9856 V AutofillManager: updateSessionLocked(): id=1073741825, bounds=null, value=[type=1, value=1_chars], action=4, flags=128
03-04 22:35:29.279  9856  9856 D CursorFeedback: getExtraCursorWidth
03-04 22:35:29.280  9856  9856 D CursorFeedback: getExtraLeftOffset
03-04 22:35:29.312  9856  9856 V TextView: notifyAutoFillManagerAfterTextChanged
03-04 22:35:29.313  9856  9856 V AutofillManager: updateSessionLocked(): id=1073741825, bounds=null, value=[type=1, value=1_chars], action=4, flags=128
03-04 22:35:29.315  9856  9856 D CursorFeedback: getExtraCursorWidth
03-04 22:35:29.315  9856  9856 D CursorFeedback: getExtraLeftOffset
03-04 22:35:29.765  9856  9856 V TextView: notifyAutoFillManagerAfterTextChanged
03-04 22:35:29.766  9856  9856 V AutofillManager: updateSessionLocked(): id=1073741825, bounds=null, value=[type=1, value=2_chars], action=4, flags=128
03-04 22:35:29.780  9856  9856 D CursorFeedback: getExtraCursorWidth
03-04 22:35:29.780  9856  9856 D CursorFeedback: getExtraLeftOffset
03-04 22:35:29.813  9856  9856 V TextView: notifyAutoFillManagerAfterTextChanged
03-04 22:35:29.813  9856  9856 V AutofillManager: updateSessionLocked(): id=1073741825, bounds=null, value=[type=1, value=2_chars], action=4, flags=128
03-04 22:35:29.816  9856  9856 D CursorFeedback: getExtraCursorWidth
03-04 22:35:29.816  9856  9856 D CursorFeedback: getExtraLeftOffset
03-04 22:35:30.852  9856  9856 V TextView: notifyAutoFillManagerAfterTextChanged
03-04 22:35:30.853  9856  9856 V AutofillManager: updateSessionLocked(): id=1073741825, bounds=null, value=[type=1, value=3_chars], action=4, flags=128
03-04 22:35:30.862  9856  9856 D CursorFeedback: getExtraCursorWidth
03-04 22:35:30.862  9856  9856 D CursorFeedback: getExtraLeftOffset
03-04 22:35:30.897  9856  9856 V TextView: notifyAutoFillManagerAfterTextChanged
03-04 22:35:30.897  9856  9856 V AutofillManager: updateSessionLocked(): id=1073741825, bounds=null, value=[type=1, value=3_chars], action=4, flags=128
03-04 22:35:30.898  9856  9856 D CursorFeedback: getExtraCursorWidth
03-04 22:35:30.898  9856  9856 D CursorFeedback: getExtraLeftOffset
03-04 22:35:32.271  9856  9856 V TextView: notifyAutoFillManagerAfterTextChanged
03-04 22:35:32.272  9856  9856 V AutofillManager: updateSessionLocked(): id=1073741825, bounds=null, value=[type=1, value=11_chars], action=4, flags=128
03-04 22:35:32.280  9856  9856 D CursorFeedback: getExtraCursorWidth
03-04 22:35:32.281  9856  9856 D CursorFeedback: getExtraLeftOffset
03-04 22:35:32.298  9856  9952 I ReactNativeJS: 'Error al cargar la contraseña', [Error: Invalid key provided to SecureStore. Keys must not be empty and contain only alphanumeric characters, ".", "-", and "_".]
03-04 22:35:32.309  9856  9856 V TextView: notifyAutoFillManagerAfterTextChanged
03-04 22:35:32.309  9856  9856 V AutofillManager: updateSessionLocked(): id=1073741825, bounds=null, value=[type=1, value=11_chars], action=4, flags=128
03-04 22:35:32.311  9856  9856 D CursorFeedback: getExtraCursorWidth
03-04 22:35:32.311  9856  9856 D CursorFeedback: getExtraLeftOffset
03-04 22:35:33.599  9856  9856 V TextView: notifyAutoFillManagerAfterTextChanged
03-04 22:35:33.599  9856  9856 V AutofillManager: updateSessionLocked(): id=1073741825, bounds=null, value=[type=1, value=10_chars], action=4, flags=128
03-04 22:35:33.607  9856  9856 D CursorFeedback: getExtraCursorWidth
03-04 22:35:33.607  9856  9856 D CursorFeedback: getExtraLeftOffset
03-04 22:35:33.625  9856  9856 V TextView: notifyAutoFillManagerAfterTextChanged
03-04 22:35:33.625  9856  9856 V AutofillManager: updateSessionLocked(): id=1073741825, bounds=null, value=[type=1, value=10_chars], action=4, flags=128
03-04 22:35:33.626  9856  9856 D CursorFeedback: getExtraCursorWidth
03-04 22:35:33.626  9856  9856 D CursorFeedback: getExtraLeftOffset
03-04 22:35:34.828  9856  9856 V AutofillManager: requestHideFillUi(null): anchor = null
03-04 22:35:34.940  9856  9856 V AutofillManager: updateSessionLocked(): id=1073741825, bounds=null, value=null, action=3, flags=0
03-04 22:35:34.942  9856  9856 V AutofillManager: updateSessionLocked(): id=1073741826, bounds=null, value=[type=1, value=0_chars], action=2, flags=132
03-04 22:35:34.954  9856  9856 D InputMethodManager: showSoftInput() view=com.facebook.react.views.textinput.ReactEditText{4c304c4 VFED..CL. .F.P..ID 60,618-1020,729 #2e aid=1073741826} flags=0 reason=SHOW_SOFT_INPUT
03-04 22:35:34.964  9856  9856 W RemoteInputConnectionImpl: requestCursorAnchorInfo on inactive InputConnection
03-04 22:35:35.031  9856  9856 W OnBackInvokedCallback: OnBackInvokedCallback is not enabled for the application.
03-04 22:35:35.031  9856  9856 W OnBackInvokedCallback: Set 'android:enableOnBackInvokedCallback="true"' in the application manifest.
03-04 22:35:35.036  9856  9856 D InsetsController: show(ime(), fromIme=true)
03-04 22:35:37.618  9856  9856 V AutofillManager: requestHideFillUi(null): anchor = null
03-04 22:35:38.466  9856  9856 D WindowManager: Add to mViews: android.widget.PopupWindow$PopupDecorView{d6db501 V.E...... R.....I. 0,0-0,0},pkg= com.pololo365.MiExpo
03-04 22:35:38.489  9856  9856 D ViewRootImplExtImpl: onDisplayChanged -1 for VRI android.view.ViewRootImpl@37fa03d
03-04 22:35:38.490  9856  9856 D InputEventReceiver: Input log is disabled
03-04 22:35:38.535  9856  9856 D WindowManager: Add to mViews: android.widget.PopupWindow$PopupDecorView{c2ebc0 V.E...... R.....I. 0,0-0,0},pkg= com.pololo365.MiExpo
03-04 22:35:38.545  9856  9856 D ViewRootImplExtImpl: onDisplayChanged -1 for VRI android.view.ViewRootImpl@ccb03ec
03-04 22:35:38.546  9856  9856 D InputEventReceiver: Input log is disabled
03-04 22:35:38.547  9856  9856 I Quality : Skipped: false 4 cost 79.86613 refreshRate 16656827 bit true processName com.pololo365.MiExpo
03-04 22:35:38.561  9856  9856 D BufferQueueConsumer: [](id:26800000000a,api:0,p:-1,c:9856) connect: controlledByApp=false
03-04 22:35:38.562  9856  9856 E IPCThreadState: attemptIncStrongHandle(91): Not supported
03-04 22:35:38.564  9856  9930 D BufferQueueProducer: [VRI[PopupWindow:9a0fae8]#10(BLAST Consumer)10](id:26800000000a,api:1,p:9856,c:9856) connect: api=1 producerControlledByApp=true
03-04 22:35:38.565  9856  9856 D VRI[PopupWindow:9a0fae8]: registerCallbacksForSync syncBuffer=false
03-04 22:35:38.571  9856  9930 D VRI[PopupWindow:9a0fae8]: Received frameCommittedCallback lastAttemptedDrawFrameNum=1 didProduceBuffer=true syncBuffer=false
03-04 22:35:38.572  9856  9930 W Parcel  : Expecting binder but got null!
03-04 22:35:38.573  9856  9856 D VRI[PopupWindow:9a0fae8]: draw finished.
03-04 22:35:38.589  9856  9856 D BufferQueueConsumer: [](id:26800000000b,api:0,p:-1,c:9856) connect: controlledByApp=false
03-04 22:35:38.591  9856  9930 D BufferQueueProducer: [VRI[PopupWindow:587e943]#11(BLAST Consumer)11](id:26800000000b,api:1,p:9856,c:9856) connect: api=1 producerControlledByApp=true
03-04 22:35:38.597  9856  9856 D VRI[PopupWindow:587e943]: registerCallbacksForSync syncBuffer=false
03-04 22:35:38.603  9856  9930 D VRI[PopupWindow:587e943]: Received frameCommittedCallback lastAttemptedDrawFrameNum=1 didProduceBuffer=true syncBuffer=false
03-04 22:35:38.603  9856  9930 W Parcel  : Expecting binder but got null!
03-04 22:35:38.604  9856  9856 D VRI[PopupWindow:587e943]: draw finished.
03-04 22:35:38.605  9856  9856 I Quality : Skipped: false 3 cost 55.081585 refreshRate 16655316 bit true processName com.pololo365.MiExpo
03-04 22:35:38.619  9856  9856 D VRI[PopupWindow:9a0fae8]: registerCallbacksForSync syncBuffer=false
03-04 22:35:38.623  9856  9930 D VRI[PopupWindow:9a0fae8]: Received frameCommittedCallback lastAttemptedDrawFrameNum=2 didProduceBuffer=true syncBuffer=false
03-04 22:35:38.623  9856  9856 D VRI[PopupWindow:9a0fae8]: draw finished.
03-04 22:35:38.624  9856  9856 D VRI[PopupWindow:587e943]: registerCallbacksForSync syncBuffer=false
03-04 22:35:38.628  9856  9930 D VRI[PopupWindow:587e943]: Received frameCommittedCallback lastAttemptedDrawFrameNum=3 didProduceBuffer=true syncBuffer=false
03-04 22:35:38.628  9856  9856 D VRI[PopupWindow:587e943]: draw finished.
03-04 22:35:39.338  9856  9856 V AutofillManager: requestHideFillUi(null): anchor = null
03-04 22:35:39.345  9856  9856 D OplusSystemUINavigationGestureExtImpl: regionString = null
03-04 22:35:39.441  9856  9856 D OplusScrollToTopManager: unregisterGuidePopupDismissReceiverInSystemUI
03-04 22:35:39.442  9856  9856 D OplusScrollToTopManager: Receiver not registered: android.view.OplusScrollToTopManager$1@d47a58f
03-04 22:35:39.442  9856  9856 D OplusScrollToTopManager: unregisterSystemUIBroadcastReceiver 
03-04 22:35:39.442  9856  9856 D OplusScrollToTopManager: java.lang.IllegalArgumentException: Receiver not registered: android.view.OplusScrollToTopManager$2@78d401c
03-04 22:35:39.443  9856  9856 V ZoomWindowDecorView: removeZoomView
03-04 22:35:39.445  9856  9930 D BufferQueueProducer: [VRI[PopupWindow:9a0fae8]#10(BLAST Consumer)10](id:26800000000a,api:1,p:9856,c:9856) disconnect: api 1
03-04 22:35:39.446  9856  9856 D BufferQueueConsumer: [VRI[PopupWindow:9a0fae8]#10(BLAST Consumer)10](id:26800000000a,api:0,p:-1,c:9856) disconnect
03-04 22:35:39.468  9856  9856 V TextView: notifyAutoFillManagerAfterTextChanged
03-04 22:35:39.468  9856  9856 V AutofillManager: updateSessionLocked(): id=1073741826, bounds=null, value=[type=1, value=11_chars], action=4, flags=128
03-04 22:35:39.470  9856  9856 I Quality : Skipped: false 2 cost 37.33747 refreshRate 16653363 bit true processName com.pololo365.MiExpo
03-04 22:35:39.474  9856  9856 D CursorFeedback: getExtraCursorWidth
03-04 22:35:39.474  9856  9856 D CursorFeedback: getExtraLeftOffset
03-04 22:35:39.481  9856  9856 V AutofillManager: notifyCallback(): sessionId=110068902, autofillId=1073741826@110068902, event=2
03-04 22:35:39.718  9856  9856 D OplusScrollToTopManager: unregisterGuidePopupDismissReceiverInSystemUI
03-04 22:35:39.718  9856  9856 D OplusScrollToTopManager: Receiver not registered: android.view.OplusScrollToTopManager$1@a04b787
03-04 22:35:39.719  9856  9856 D OplusScrollToTopManager: unregisterSystemUIBroadcastReceiver 
03-04 22:35:39.719  9856  9856 D OplusScrollToTopManager: java.lang.IllegalArgumentException: Receiver not registered: android.view.OplusScrollToTopManager$2@d5776b4
03-04 22:35:39.723  9856  9856 V ZoomWindowDecorView: removeZoomView
03-04 22:35:39.733  9856  9930 D BufferQueueProducer: [VRI[PopupWindow:587e943]#11(BLAST Consumer)11](id:26800000000b,api:1,p:9856,c:9856) disconnect: api 1
03-04 22:35:39.733  9856  9930 D OpenGLRenderer: endAllActiveAnimators on 0xb400006f7b55aa00 (RippleDrawable) with handle 0xb400006fed50f440
03-04 22:35:39.760  9856 10903 D BufferQueueConsumer: [VRI[PopupWindow:587e943]#11(BLAST Consumer)11](id:26800000000b,api:0,p:-1,c:9856) disconnect
03-04 22:35:40.667  9856  9856 V AutofillManager: requestHideFillUi(null): anchor = null
03-04 22:35:40.824  9856  9856 W OnBackInvokedCallback: OnBackInvokedCallback is not enabled for the application.
03-04 22:35:40.824  9856  9856 W OnBackInvokedCallback: Set 'android:enableOnBackInvokedCallback="true"' in the application manifest.
03-04 22:35:40.842  9856  9856 I oplus.android.OplusFrameworkFactoryImpl: get feature:IOplusDynamicVsyncFeature
03-04 22:35:40.842  9856  9856 I oplus.android.OplusFrameworkFactoryImpl: get feature:IOplusDynamicVsyncFeature
03-04 22:35:40.842  9856  9856 I oplus.android.OplusFrameworkFactoryImpl: get feature:IOplusDynamicVsyncFeature
03-04 22:35:40.846  9856  9856 I oplus.android.OplusFrameworkFactoryImpl: get feature:IOplusDynamicVsyncFeature
03-04 22:35:40.847  9856  9856 I oplus.android.OplusFrameworkFactoryImpl: get feature:IOplusDynamicVsyncFeature
03-04 22:35:40.847  9856  9856 I oplus.android.OplusFrameworkFactoryImpl: get feature:IOplusDynamicVsyncFeature
03-04 22:35:40.856  9856  9856 D WindowManager: Add to mViews: DecorView@ff762fe[MainActivity],pkg= com.pololo365.MiExpo
03-04 22:35:40.870  9856  9856 D ViewRootImplExtImpl: onDisplayChanged -1 for VRI android.view.ViewRootImpl@5e2b10a
03-04 22:35:40.870  9856  9856 D InputEventReceiver: Input log is disabled
03-04 22:35:40.871  9856  9856 I Quality : Skipped: false 2 cost 39.431786 refreshRate 16654460 bit true processName com.pololo365.MiExpo
03-04 22:35:40.873  9856  9856 V TextView: notifyAutoFillManagerAfterTextChanged
03-04 22:35:40.873  9856  9856 V AutofillManager: updateSessionLocked(): id=1073741825, bounds=null, value=[type=1, value=0_chars], action=4, flags=128
03-04 22:35:40.873  9856  9856 V TextView: notifyAutoFillManagerAfterTextChanged
03-04 22:35:40.874  9856  9856 V AutofillManager: updateSessionLocked(): id=1073741826, bounds=null, value=[type=1, value=0_chars], action=4, flags=128
03-04 22:35:40.875  9856  9856 V TextView: notifyAutoFillManagerAfterTextChanged
03-04 22:35:40.875  9856  9856 V AutofillManager: updateSessionLocked(): id=1073741825, bounds=null, value=[type=1, value=0_chars], action=4, flags=128
03-04 22:35:40.890  9856  9856 D BufferQueueConsumer: [](id:26800000000c,api:0,p:-1,c:9856) connect: controlledByApp=false
03-04 22:35:40.890  9856  9856 E IPCThreadState: attemptIncStrongHandle(87): Not supported
03-04 22:35:40.890  9856  9856 E IPCThreadState: attemptIncStrongHandle(83): Not supported
03-04 22:35:40.891  9856  9856 V ZoomWindowDecorView: setLastReportedMergedConfiguration mZoomDisplayHeight: 2400 getDecorView.267870974
03-04 22:35:40.893  9856  9930 D BufferQueueProducer: [VRI[MainActivity]#12(BLAST Consumer)12](id:26800000000c,api:1,p:9856,c:9856) connect: api=1 producerControlledByApp=true
03-04 22:35:40.896  9856  9856 D VRI[MainActivity]: registerCallbacksForSync syncBuffer=false
03-04 22:35:40.900  9856  9930 D VRI[MainActivity]: Received frameCommittedCallback lastAttemptedDrawFrameNum=1 didProduceBuffer=true syncBuffer=false
03-04 22:35:40.900  9856  9930 W Parcel  : Expecting binder but got null!
03-04 22:35:40.901  9856  9856 D VRI[MainActivity]: draw finished.
03-04 22:35:40.903  9856  9856 D CursorFeedback: getExtraCursorWidth
03-04 22:35:40.903  9856  9856 D CursorFeedback: getExtraLeftOffset
03-04 22:35:40.934  9856  9856 D VRI[MainActivity]: onFocusEvent false
03-04 22:35:40.934  9856  9856 V AutofillManager: notifyCallback(): sessionId=110068902, autofillId=1073741826@110068902, event=1
03-04 22:35:40.934  9856  9856 I Quality : Skipped: false 3 cost 52.696945 refreshRate 16655356 bit true processName com.pololo365.MiExpo
03-04 22:35:40.950  9856  9856 D VRI[MainActivity]: registerCallbacksForSync syncBuffer=false
03-04 22:35:40.953  9856  9930 D VRI[MainActivity]: Received frameCommittedCallback lastAttemptedDrawFrameNum=3 didProduceBuffer=true syncBuffer=false
03-04 22:35:40.953  9856  9856 D VRI[MainActivity]: draw finished.
03-04 22:35:40.972  9856  9856 D VRI[MainActivity]: onFocusEvent true
03-04 22:35:41.029  9856  9856 D InsetsController: show(ime(), fromIme=true)
03-04 22:35:56.590  9856  9856 V AutofillManager: requestHideFillUi(null): anchor = null
03-04 22:35:56.595  9856  9856 D OplusSystemUINavigationGestureExtImpl: regionString = null
03-04 22:35:56.726  9856  9856 D OplusScrollToTopManager: unregisterGuidePopupDismissReceiverInSystemUI
03-04 22:35:56.726  9856  9856 D OplusScrollToTopManager: Receiver not registered: android.view.OplusScrollToTopManager$1@f077c6a
03-04 22:35:56.726  9856  9856 D OplusScrollToTopManager: unregisterSystemUIBroadcastReceiver 
03-04 22:35:56.727  9856  9856 D OplusScrollToTopManager: java.lang.IllegalArgumentException: Receiver not registered: android.view.OplusScrollToTopManager$2@214755b
03-04 22:35:56.729  9856  9856 V ZoomWindowDecorView: removeZoomView
03-04 22:35:56.730  9856  9930 D BufferQueueProducer: [VRI[MainActivity]#12(BLAST Consumer)12](id:26800000000c,api:1,p:9856,c:9856) disconnect: api 1
03-04 22:35:56.730  9856  9930 D OpenGLRenderer: endAllActiveAnimators on 0xb400006f8e7fa800 (RippleDrawable) with handle 0xb400006f8125b7c0
03-04 22:35:56.750  9856  9856 W OnBackInvokedCallback: OnBackInvokedCallback is not enabled for the application.
03-04 22:35:56.750  9856  9856 W OnBackInvokedCallback: Set 'android:enableOnBackInvokedCallback="true"' in the application manifest.
03-04 22:35:56.755  9856 10903 D BufferQueueConsumer: [VRI[MainActivity]#12(BLAST Consumer)12](id:26800000000c,api:0,p:-1,c:9856) disconnect
03-04 22:35:56.775  9856  9856 D VRI[MainActivity]: onFocusEvent true
03-04 22:35:56.775  9856  9856 W OnBackInvokedCallback: OnBackInvokedCallback is not enabled for the application.
03-04 22:35:56.775  9856  9856 W OnBackInvokedCallback: Set 'android:enableOnBackInvokedCallback="true"' in the application manifest.
03-04 22:36:31.103  9856  9856 V AutofillManager: requestHideFillUi(null): anchor = null
03-04 22:36:33.915  9856  9873 I ololo365.MiExpo: Background concurrent copying GC freed 7273KB AllocSpace bytes, 6(120KB) LOS objects, 49% free, 8026KB/15MB, paused 165us,38us total 103.835ms
03-04 22:41:43.220  9856  9856 V AutofillManager: requestHideFillUi(null): anchor = null
03-04 22:41:49.391  9856  9856 V AutofillManager: requestHideFillUi(null): anchor = null
03-04 22:41:49.865  9856  9856 V AutofillManager: requestHideFillUi(null): anchor = null
03-04 22:41:50.143  9856  9856 V AutofillManager: requestHideFillUi(null): anchor = null
03-04 22:41:50.347  9856  9856 V AutofillManager: requestHideFillUi(null): anchor = null
03-04 22:41:50.568  9856  9856 V AutofillManager: requestHideFillUi(null): anchor = null
03-04 22:41:50.769  9856  9856 V AutofillManager: requestHideFillUi(null): anchor = null
03-04 22:41:50.980  9856  9856 V AutofillManager: requestHideFillUi(null): anchor = null
03-04 22:41:51.177  9856  9856 V AutofillManager: requestHideFillUi(null): anchor = null
03-04 22:41:53.020  9856  9856 V AutofillManager: requestHideFillUi(null): anchor = null
03-04 22:41:53.466  9856  9856 V AutofillManager: requestHideFillUi(null): anchor = null
03-04 22:41:53.742  9856  9856 V AutofillManager: requestHideFillUi(null): anchor = null
03-04 22:41:54.343  9856  9856 V AutofillManager: requestHideFillUi(null): anchor = null
03-04 22:41:54.483  9856  9856 D InputMethodManager: showSoftInput() view=com.facebook.react.views.textinput.ReactEditText{4c304c4 VFED..CL. .F.P.... 60,618-1020,729 #2e aid=1073741826} flags=0 reason=SHOW_SOFT_INPUT
03-04 22:41:54.490  9856  9856 V AutofillManager: updateSessionLocked(): id=1073741826, bounds=null, value=[type=1, value=0_chars], action=2, flags=132
03-04 22:41:54.495  9856  9856 D InsetsController: show(ime(), fromIme=true)
03-04 22:41:57.085  9856  9856 V AutofillManager: requestHideFillUi(null): anchor = null
03-04 22:41:57.946  9856  9856 V AutofillManager: requestHideFillUi(null): anchor = null
03-04 22:41:58.322  9856  9856 V AutofillManager: requestHideFillUi(null): anchor = null
03-04 22:41:58.351  9856  9856 D InputMethodManager: showSoftInput() view=com.facebook.react.views.textinput.ReactEditText{4c304c4 VFED..CL. .F.P.... 60,618-1020,729 #2e aid=1073741826} flags=0 reason=SHOW_SOFT_INPUT
03-04 22:41:58.355  9856  9856 V AutofillManager: updateSessionLocked(): id=1073741826, bounds=null, value=[type=1, value=0_chars], action=2, flags=132
03-04 22:41:58.364  9856  9856 D InsetsController: show(ime(), fromIme=true)
03-04 22:41:58.513  9856  9856 V AutofillManager: requestHideFillUi(null): anchor = null
03-04 22:41:58.596  9856  9856 D InputMethodManager: showSoftInput() view=com.facebook.react.views.textinput.ReactEditText{4c304c4 VFED..CL. .F.P.... 60,618-1020,729 #2e aid=1073741826} flags=0 reason=SHOW_SOFT_INPUT
03-04 22:41:58.600  9856  9856 V AutofillManager: updateSessionLocked(): id=1073741826, bounds=null, value=[type=1, value=0_chars], action=2, flags=132
03-04 22:41:58.607  9856  9856 D InsetsController: show(ime(), fromIme=true)
03-04 22:41:58.784  9856  9856 V AutofillManager: requestHideFillUi(null): anchor = null
03-04 22:41:58.853  9856  9856 D InputMethodManager: showSoftInput() view=com.facebook.react.views.textinput.ReactEditText{4c304c4 VFED..CL. .F.P.... 60,618-1020,729 #2e aid=1073741826} flags=0 reason=SHOW_SOFT_INPUT
03-04 22:41:58.857  9856  9856 V AutofillManager: updateSessionLocked(): id=1073741826, bounds=null, value=[type=1, value=0_chars], action=2, flags=132
03-04 22:41:58.865  9856  9856 D InsetsController: show(ime(), fromIme=true)
