03-04 22:42:01.100  9856  9856 V AutofillManager: requestHideFillUi(null): anchor = null
03-04 22:42:01.236  9856  9856 V AutofillManager: updateSessionLocked(): id=1073741826, bounds=null, value=null, action=3, flags=0
03-04 22:42:01.238  9856  9856 V AutofillManager: updateSessionLocked(): id=1073741825, bounds=null, value=[type=1, value=0_chars], action=2, flags=128
03-04 22:42:01.249  9856  9856 D InputMethodManager: showSoftInput() view=com.facebook.react.views.textinput.ReactEditText{9f6b756 VFED..CL. .F....ID 60,420-1020,531 #28 aid=1073741825} flags=0 reason=SHOW_SOFT_INPUT
03-04 22:42:01.254  9856  9856 D CursorFeedback: getExtraCursorWidth
03-04 22:42:01.255  9856  9856 D CursorFeedback: getExtraLeftOffset
03-04 22:42:01.259  9856  9856 W RemoteInputConnectionImpl: requestCursorAnchorInfo on inactive InputConnection
03-04 22:42:01.384  9856  9856 W OnBackInvokedCallback: OnBackInvokedCallback is not enabled for the application.
03-04 22:42:01.384  9856  9856 W OnBackInvokedCallback: Set 'android:enableOnBackInvokedCallback="true"' in the application manifest.
03-04 22:42:01.388  9856  9856 D InsetsController: show(ime(), fromIme=true)
03-04 22:42:01.421  9856  9856 D InsetsController: show(ime(), fromIme=true)
03-04 22:42:04.122  9856  9856 V TextView: notifyAutoFillManagerAfterTextChanged
03-04 22:42:04.123  9856  9856 V AutofillManager: updateSessionLocked(): id=1073741825, bounds=null, value=[type=1, value=1_chars], action=4, flags=128
03-04 22:42:04.136  9856  9856 D CursorFeedback: getExtraCursorWidth
03-04 22:42:04.136  9856  9856 D CursorFeedback: getExtraLeftOffset
03-04 22:42:04.167  9856  9856 V TextView: notifyAutoFillManagerAfterTextChanged
03-04 22:42:04.167  9856  9856 V AutofillManager: updateSessionLocked(): id=1073741825, bounds=null, value=[type=1, value=1_chars], action=4, flags=128
03-04 22:42:04.168  9856  9856 D CursorFeedback: getExtraCursorWidth
03-04 22:42:04.169  9856  9856 D CursorFeedback: getExtraLeftOffset
03-04 22:42:05.361  9856  9856 V TextView: notifyAutoFillManagerAfterTextChanged
03-04 22:42:05.362  9856  9856 V AutofillManager: updateSessionLocked(): id=1073741825, bounds=null, value=[type=1, value=2_chars], action=4, flags=128
03-04 22:42:05.371  9856  9856 D CursorFeedback: getExtraCursorWidth
03-04 22:42:05.371  9856  9856 D CursorFeedback: getExtraLeftOffset
03-04 22:42:05.419  9856  9856 V TextView: notifyAutoFillManagerAfterTextChanged
03-04 22:42:05.419  9856  9856 V AutofillManager: updateSessionLocked(): id=1073741825, bounds=null, value=[type=1, value=2_chars], action=4, flags=128
03-04 22:42:05.423  9856  9856 D CursorFeedback: getExtraCursorWidth
03-04 22:42:05.423  9856  9856 D CursorFeedback: getExtraLeftOffset
03-04 22:42:07.757  9856  9856 V TextView: notifyAutoFillManagerAfterTextChanged
03-04 22:42:07.758  9856  9856 V AutofillManager: updateSessionLocked(): id=1073741825, bounds=null, value=[type=1, value=11_chars], action=4, flags=128
03-04 22:42:07.766  9856  9856 D CursorFeedback: getExtraCursorWidth
03-04 22:42:07.766  9856  9856 D CursorFeedback: getExtraLeftOffset
03-04 22:42:07.788  9856  9952 I ReactNativeJS: 'Error al cargar la contraseña', [Error: Invalid key provided to SecureStore. Keys must not be empty and contain only alphanumeric characters, ".", "-", and "_".]
03-04 22:42:07.797  9856  9856 V TextView: notifyAutoFillManagerAfterTextChanged
03-04 22:42:07.797  9856  9856 V AutofillManager: updateSessionLocked(): id=1073741825, bounds=null, value=[type=1, value=11_chars], action=4, flags=128
03-04 22:42:07.798  9856  9856 D CursorFeedback: getExtraCursorWidth
03-04 22:42:07.798  9856  9856 D CursorFeedback: getExtraLeftOffset
03-04 22:42:09.151  9856  9856 V TextView: notifyAutoFillManagerAfterTextChanged
03-04 22:42:09.152  9856  9856 V AutofillManager: updateSessionLocked(): id=1073741825, bounds=null, value=[type=1, value=10_chars], action=4, flags=128
03-04 22:42:09.163  9856  9856 D CursorFeedback: getExtraCursorWidth
03-04 22:42:09.163  9856  9856 D CursorFeedback: getExtraLeftOffset
03-04 22:42:09.180  9856  9856 V TextView: notifyAutoFillManagerAfterTextChanged
03-04 22:42:09.180  9856  9856 V AutofillManager: updateSessionLocked(): id=1073741825, bounds=null, value=[type=1, value=10_chars], action=4, flags=128
03-04 22:42:09.181  9856  9856 D CursorFeedback: getExtraCursorWidth
03-04 22:42:09.181  9856  9856 D CursorFeedback: getExtraLeftOffset
03-04 22:42:10.396  9856  9856 V AutofillManager: requestHideFillUi(null): anchor = null
03-04 22:42:11.204  9856  9856 D WindowManager: Add to mViews: android.widget.PopupWindow$PopupDecorView{cc5dfce V.E...... R.....I. 0,0-0,0},pkg= com.pololo365.MiExpo
03-04 22:42:11.225  9856  9856 D ViewRootImplExtImpl: onDisplayChanged -1 for VRI android.view.ViewRootImpl@c642ada
03-04 22:42:11.227  9856  9856 D InputEventReceiver: Input log is disabled
03-04 22:42:11.239  9856  9856 I Quality : Skipped: false 1 cost 31.539421 refreshRate 16653932 bit true processName com.pololo365.MiExpo
03-04 22:42:11.256  9856  9856 D BufferQueueConsumer: [](id:26800000000d,api:0,p:-1,c:9856) connect: controlledByApp=false
03-04 22:42:11.256  9856  9856 E IPCThreadState: attemptIncStrongHandle(91): Not supported
03-04 22:42:11.259  9856  9930 D BufferQueueProducer: [VRI[PopupWindow:ad90cc9]#13(BLAST Consumer)13](id:26800000000d,api:1,p:9856,c:9856) connect: api=1 producerControlledByApp=true
03-04 22:42:11.262  9856  9856 D VRI[PopupWindow:ad90cc9]: registerCallbacksForSync syncBuffer=false
03-04 22:42:11.267  9856  9930 D VRI[PopupWindow:ad90cc9]: Received frameCommittedCallback lastAttemptedDrawFrameNum=1 didProduceBuffer=true syncBuffer=false
03-04 22:42:11.269  9856  9930 W Parcel  : Expecting binder but got null!
03-04 22:42:11.269  9856  9856 D VRI[PopupWindow:ad90cc9]: draw finished.
03-04 22:42:11.270  9856  9856 D VRI[PopupWindow:ad90cc9]: registerCallbacksForSync syncBuffer=false
03-04 22:42:11.271  9856  9930 D VRI[PopupWindow:ad90cc9]: Received frameCommittedCallback lastAttemptedDrawFrameNum=2 didProduceBuffer=false syncBuffer=false
03-04 22:42:11.271  9856  9856 D VRI[PopupWindow:ad90cc9]: draw finished.
03-04 22:42:11.506  9856  9856 D WindowManager: Add to mViews: android.widget.PopupWindow$PopupDecorView{cc74154 V.E...... R.....I. 0,0-0,0},pkg= com.pololo365.MiExpo
03-04 22:42:11.522  9856  9856 D ViewRootImplExtImpl: onDisplayChanged -1 for VRI android.view.ViewRootImpl@9011ec0
03-04 22:42:11.523  9856  9856 D InputEventReceiver: Input log is disabled
03-04 22:42:11.524  9856  9856 I Quality : Skipped: false 4 cost 67.11946 refreshRate 16653661 bit true processName com.pololo365.MiExpo
03-04 22:42:11.549  9856  9856 D BufferQueueConsumer: [](id:26800000000e,api:0,p:-1,c:9856) connect: controlledByApp=false
03-04 22:42:11.554  9856  9930 D BufferQueueProducer: [VRI[PopupWindow:dc088a7]#14(BLAST Consumer)14](id:26800000000e,api:1,p:9856,c:9856) connect: api=1 producerControlledByApp=true
03-04 22:42:11.564  9856  9856 D VRI[PopupWindow:dc088a7]: registerCallbacksForSync syncBuffer=false
03-04 22:42:11.569  9856  9930 D VRI[PopupWindow:dc088a7]: Received frameCommittedCallback lastAttemptedDrawFrameNum=1 didProduceBuffer=true syncBuffer=false
03-04 22:42:11.570  9856  9930 W Parcel  : Expecting binder but got null!
03-04 22:42:11.571  9856  9856 D VRI[PopupWindow:dc088a7]: draw finished.
03-04 22:42:11.576  9856  9856 I Quality : Skipped: false 2 cost 35.677616 refreshRate 16653807 bit true processName com.pololo365.MiExpo
03-04 22:42:11.577  9856  9856 V AutofillManager: updateSessionLocked(): id=1073741825, bounds=null, value=null, action=3, flags=0
03-04 22:42:11.578  9856  9856 V AutofillManager: updateSessionLocked(): id=1073741826, bounds=null, value=[type=1, value=0_chars], action=2, flags=132
03-04 22:42:11.597  9856  9856 D InputMethodManager: showSoftInput() view=com.facebook.react.views.textinput.ReactEditText{4c304c4 VFED..CL. .F....ID 60,618-1020,729 #2e aid=1073741826} flags=0 reason=SHOW_SOFT_INPUT
03-04 22:42:11.611  9856  9856 I Quality : Skipped: false 1 cost 20.615105 refreshRate 16652873 bit true processName com.pololo365.MiExpo
03-04 22:42:11.611  9856  9856 D VRI[PopupWindow:dc088a7]: registerCallbacksForSync syncBuffer=false
03-04 22:42:11.614  9856  9930 D VRI[PopupWindow:dc088a7]: Received frameCommittedCallback lastAttemptedDrawFrameNum=3 didProduceBuffer=true syncBuffer=false
03-04 22:42:11.614  9856  9856 D VRI[PopupWindow:dc088a7]: draw finished.
03-04 22:42:11.614  9856  9856 W RemoteInputConnectionImpl: requestCursorAnchorInfo on inactive InputConnection
03-04 22:42:11.670  9856  9856 W OnBackInvokedCallback: OnBackInvokedCallback is not enabled for the application.
03-04 22:42:11.670  9856  9856 W OnBackInvokedCallback: Set 'android:enableOnBackInvokedCallback="true"' in the application manifest.
03-04 22:42:11.672  9856  9856 D InsetsController: show(ime(), fromIme=true)
03-04 22:42:11.703  9856  9856 D InsetsController: show(ime(), fromIme=true)
03-04 22:42:12.277  9856  9856 V AutofillManager: requestHideFillUi(null): anchor = null
03-04 22:42:12.285  9856  9856 D OplusSystemUINavigationGestureExtImpl: regionString = null
03-04 22:42:12.364  9856  9856 D OplusScrollToTopManager: unregisterGuidePopupDismissReceiverInSystemUI
03-04 22:42:12.365  9856  9856 D OplusScrollToTopManager: Receiver not registered: android.view.OplusScrollToTopManager$1@3c4bb6d
03-04 22:42:12.365  9856  9856 D OplusScrollToTopManager: unregisterSystemUIBroadcastReceiver 
03-04 22:42:12.365  9856  9856 D OplusScrollToTopManager: java.lang.IllegalArgumentException: Receiver not registered: android.view.OplusScrollToTopManager$2@f2d33a2
03-04 22:42:12.366  9856  9856 V ZoomWindowDecorView: removeZoomView
03-04 22:42:12.368  9856  9930 D BufferQueueProducer: [VRI[PopupWindow:ad90cc9]#13(BLAST Consumer)13](id:26800000000d,api:1,p:9856,c:9856) disconnect: api 1
03-04 22:42:12.369  9856  9856 D BufferQueueConsumer: [VRI[PopupWindow:ad90cc9]#13(BLAST Consumer)13](id:26800000000d,api:0,p:-1,c:9856) disconnect
03-04 22:42:12.388  9856  9856 V TextView: notifyAutoFillManagerAfterTextChanged
03-04 22:42:12.389  9856  9856 V AutofillManager: updateSessionLocked(): id=1073741826, bounds=null, value=[type=1, value=11_chars], action=4, flags=128
03-04 22:42:12.391  9856  9856 I Quality : Skipped: false 2 cost 34.213135 refreshRate 16655973 bit true processName com.pololo365.MiExpo
03-04 22:42:12.395  9856  9856 D CursorFeedback: getExtraCursorWidth
03-04 22:42:12.395  9856  9856 D CursorFeedback: getExtraLeftOffset
03-04 22:42:12.410  9856  9856 I Quality : Skipped: false 1 cost 20.731533 refreshRate 16657667 bit true processName com.pololo365.MiExpo
03-04 22:42:12.414  9856  9856 V AutofillManager: notifyCallback(): sessionId=110068902, autofillId=1073741826@110068902, event=2
03-04 22:42:12.659  9856  9856 D OplusScrollToTopManager: unregisterGuidePopupDismissReceiverInSystemUI
03-04 22:42:12.660  9856  9856 D OplusScrollToTopManager: Receiver not registered: android.view.OplusScrollToTopManager$1@8d6eb25
03-04 22:42:12.660  9856  9856 D OplusScrollToTopManager: unregisterSystemUIBroadcastReceiver 
03-04 22:42:12.660  9856  9856 D OplusScrollToTopManager: java.lang.IllegalArgumentException: Receiver not registered: android.view.OplusScrollToTopManager$2@2c594fa
03-04 22:42:12.664  9856  9856 V ZoomWindowDecorView: removeZoomView
03-04 22:42:12.665  9856  9930 D BufferQueueProducer: [VRI[PopupWindow:dc088a7]#14(BLAST Consumer)14](id:26800000000e,api:1,p:9856,c:9856) disconnect: api 1
03-04 22:42:12.667  9856  9930 D OpenGLRenderer: endAllActiveAnimators on 0xb400006f7b55a400 (RippleDrawable) with handle 0xb400006ff2d4bda0
03-04 22:42:12.675  9856  9903 D BufferQueueConsumer: [VRI[PopupWindow:dc088a7]#14(BLAST Consumer)14](id:26800000000e,api:0,p:-1,c:9856) disconnect
03-04 22:42:19.160  9856  9856 D EditableInputConnectionExtImpl: handleSendKeyEvent
03-04 22:42:19.160  9856  9856 D EditableInputConnectionExtImpl: handleKeyCodeDel
03-04 22:42:19.160  9856  9856 D EditableInputConnectionExtImpl: handleKeyCodeDelDown
03-04 22:42:19.160  9856  9856 D CursorFeedback: handleKeyCodeDelDown
03-04 22:42:19.197  9856  9856 V TextView: notifyAutoFillManagerAfterTextChanged
03-04 22:42:19.197  9856  9856 V AutofillManager: updateSessionLocked(): id=1073741826, bounds=null, value=[type=1, value=10_chars], action=4, flags=128
03-04 22:42:19.199  9856  9856 D EditableInputConnectionExtImpl: handleSendKeyEvent
03-04 22:42:19.199  9856  9856 D EditableInputConnectionExtImpl: handleKeyCodeDel
03-04 22:42:19.199  9856  9856 D EditableInputConnectionExtImpl: handleKeyCodeDelUp
03-04 22:42:19.200  9856  9856 I Quality : Skipped: false 1 cost 31.644295 refreshRate 16654332 bit true processName com.pololo365.MiExpo
03-04 22:42:19.202  9856  9856 D CursorFeedback: getExtraCursorWidth
03-04 22:42:19.202  9856  9856 D CursorFeedback: getExtraLeftOffset
03-04 22:42:19.398  9856  9856 D EditableInputConnectionExtImpl: handleSendKeyEvent
03-04 22:42:19.398  9856  9856 D EditableInputConnectionExtImpl: handleKeyCodeDel
03-04 22:42:19.398  9856  9856 D EditableInputConnectionExtImpl: handleKeyCodeDelDown
03-04 22:42:19.398  9856  9856 D CursorFeedback: handleKeyCodeDelDown
03-04 22:42:19.398  9856  9856 D EditableInputConnectionExtImpl: handleSendKeyEvent
03-04 22:42:19.398  9856  9856 D EditableInputConnectionExtImpl: handleKeyCodeDel
03-04 22:42:19.398  9856  9856 D EditableInputConnectionExtImpl: handleKeyCodeDelUp
03-04 22:42:19.403  9856  9856 V TextView: notifyAutoFillManagerAfterTextChanged
03-04 22:42:19.403  9856  9856 V AutofillManager: updateSessionLocked(): id=1073741826, bounds=null, value=[type=1, value=9_chars], action=4, flags=128
03-04 22:42:19.411  9856  9856 D CursorFeedback: getExtraCursorWidth
03-04 22:42:19.412  9856  9856 D CursorFeedback: getExtraLeftOffset
03-04 22:42:19.571  9856  9856 D EditableInputConnectionExtImpl: handleSendKeyEvent
03-04 22:42:19.571  9856  9856 D EditableInputConnectionExtImpl: handleKeyCodeDel
03-04 22:42:19.571  9856  9856 D EditableInputConnectionExtImpl: handleKeyCodeDelDown
03-04 22:42:19.571  9856  9856 D CursorFeedback: handleKeyCodeDelDown
03-04 22:42:19.572  9856  9856 D EditableInputConnectionExtImpl: handleSendKeyEvent
03-04 22:42:19.572  9856  9856 D EditableInputConnectionExtImpl: handleKeyCodeDel
03-04 22:42:19.572  9856  9856 D EditableInputConnectionExtImpl: handleKeyCodeDelUp
03-04 22:42:19.576  9856  9856 V TextView: notifyAutoFillManagerAfterTextChanged
03-04 22:42:19.576  9856  9856 V AutofillManager: updateSessionLocked(): id=1073741826, bounds=null, value=[type=1, value=8_chars], action=4, flags=128
03-04 22:42:19.589  9856  9856 D CursorFeedback: getExtraCursorWidth
03-04 22:42:19.589  9856  9856 D CursorFeedback: getExtraLeftOffset
03-04 22:42:19.786  9856  9856 D EditableInputConnectionExtImpl: handleSendKeyEvent
03-04 22:42:19.786  9856  9856 D EditableInputConnectionExtImpl: handleKeyCodeDel
03-04 22:42:19.786  9856  9856 D EditableInputConnectionExtImpl: handleKeyCodeDelDown
03-04 22:42:19.786  9856  9856 D CursorFeedback: handleKeyCodeDelDown
03-04 22:42:19.787  9856  9856 D EditableInputConnectionExtImpl: handleSendKeyEvent
03-04 22:42:19.787  9856  9856 D EditableInputConnectionExtImpl: handleKeyCodeDel
03-04 22:42:19.787  9856  9856 D EditableInputConnectionExtImpl: handleKeyCodeDelUp
03-04 22:42:19.790  9856  9856 V TextView: notifyAutoFillManagerAfterTextChanged
03-04 22:42:19.791  9856  9856 V AutofillManager: updateSessionLocked(): id=1073741826, bounds=null, value=[type=1, value=7_chars], action=4, flags=128
03-04 22:42:19.807  9856  9856 D CursorFeedback: getExtraCursorWidth
03-04 22:42:19.807  9856  9856 D CursorFeedback: getExtraLeftOffset
03-04 22:42:20.507  9856  9856 V AutofillManager: requestHideFillUi(null): anchor = null
03-04 22:42:20.672  9856  9856 W OnBackInvokedCallback: OnBackInvokedCallback is not enabled for the application.
03-04 22:42:20.672  9856  9856 W OnBackInvokedCallback: Set 'android:enableOnBackInvokedCallback="true"' in the application manifest.
03-04 22:42:20.690  9856  9856 I oplus.android.OplusFrameworkFactoryImpl: get feature:IOplusDynamicVsyncFeature
03-04 22:42:20.690  9856  9856 I oplus.android.OplusFrameworkFactoryImpl: get feature:IOplusDynamicVsyncFeature
03-04 22:42:20.690  9856  9856 I oplus.android.OplusFrameworkFactoryImpl: get feature:IOplusDynamicVsyncFeature
03-04 22:42:20.694  9856  9856 I oplus.android.OplusFrameworkFactoryImpl: get feature:IOplusDynamicVsyncFeature
03-04 22:42:20.695  9856  9856 I oplus.android.OplusFrameworkFactoryImpl: get feature:IOplusDynamicVsyncFeature
03-04 22:42:20.695  9856  9856 I oplus.android.OplusFrameworkFactoryImpl: get feature:IOplusDynamicVsyncFeature
03-04 22:42:20.704  9856  9856 D WindowManager: Add to mViews: DecorView@3f61812[MainActivity],pkg= com.pololo365.MiExpo
03-04 22:42:20.719  9856  9856 D ViewRootImplExtImpl: onDisplayChanged -1 for VRI android.view.ViewRootImpl@c19a35e
03-04 22:42:20.720  9856  9856 D InputEventReceiver: Input log is disabled
03-04 22:42:20.721  9856  9856 I Quality : Skipped: false 2 cost 37.594646 refreshRate 16655065 bit true processName com.pololo365.MiExpo
03-04 22:42:20.723  9856  9856 V TextView: notifyAutoFillManagerAfterTextChanged
03-04 22:42:20.723  9856  9856 V AutofillManager: updateSessionLocked(): id=1073741825, bounds=null, value=[type=1, value=0_chars], action=4, flags=128
03-04 22:42:20.724  9856  9856 V TextView: notifyAutoFillManagerAfterTextChanged
03-04 22:42:20.724  9856  9856 V AutofillManager: updateSessionLocked(): id=1073741826, bounds=null, value=[type=1, value=0_chars], action=4, flags=128
03-04 22:42:20.725  9856  9856 V TextView: notifyAutoFillManagerAfterTextChanged
03-04 22:42:20.725  9856  9856 V AutofillManager: updateSessionLocked(): id=1073741825, bounds=null, value=[type=1, value=0_chars], action=4, flags=128
03-04 22:42:20.745  9856  9856 D BufferQueueConsumer: [](id:26800000000f,api:0,p:-1,c:9856) connect: controlledByApp=false
03-04 22:42:20.746  9856  9856 E IPCThreadState: attemptIncStrongHandle(77): Not supported
03-04 22:42:20.746  9856  9856 E IPCThreadState: attemptIncStrongHandle(69): Not supported
03-04 22:42:20.748  9856  9856 V ZoomWindowDecorView: setLastReportedMergedConfiguration mZoomDisplayHeight: 2400 getDecorView.66459666
03-04 22:42:20.751  9856  9930 D BufferQueueProducer: [VRI[MainActivity]#15(BLAST Consumer)15](id:26800000000f,api:1,p:9856,c:9856) connect: api=1 producerControlledByApp=true
03-04 22:42:20.751  9856  9856 D VRI[MainActivity]: registerCallbacksForSync syncBuffer=false
03-04 22:42:20.757  9856  9930 D VRI[MainActivity]: Received frameCommittedCallback lastAttemptedDrawFrameNum=1 didProduceBuffer=true syncBuffer=false
03-04 22:42:20.758  9856  9930 W Parcel  : Expecting binder but got null!
03-04 22:42:20.758  9856  9856 D VRI[MainActivity]: draw finished.
03-04 22:42:20.759  9856  9856 D CursorFeedback: getExtraCursorWidth
03-04 22:42:20.759  9856  9856 D CursorFeedback: getExtraLeftOffset
03-04 22:42:20.794  9856  9856 D VRI[MainActivity]: onFocusEvent false
03-04 22:42:20.794  9856  9856 V AutofillManager: notifyCallback(): sessionId=110068902, autofillId=1073741826@110068902, event=1
03-04 22:42:20.794  9856  9856 I Quality : Skipped: false 3 cost 61.12088 refreshRate 16654149 bit true processName com.pololo365.MiExpo
03-04 22:42:20.804  9856  9856 D VRI[MainActivity]: registerCallbacksForSync syncBuffer=false
03-04 22:42:20.807  9856  9930 D VRI[MainActivity]: Received frameCommittedCallback lastAttemptedDrawFrameNum=3 didProduceBuffer=true syncBuffer=false
03-04 22:42:20.808  9856  9856 D VRI[MainActivity]: draw finished.
03-04 22:42:20.843  9856  9856 D VRI[MainActivity]: onFocusEvent true
03-04 22:42:20.945  9856  9856 D InsetsController: show(ime(), fromIme=true)
03-04 22:42:22.720  9856  9856 V AutofillManager: requestHideFillUi(null): anchor = null
03-04 22:42:22.724  9856  9856 D OplusSystemUINavigationGestureExtImpl: regionString = null
03-04 22:42:22.840  9856  9856 D OplusScrollToTopManager: unregisterGuidePopupDismissReceiverInSystemUI
03-04 22:42:22.841  9856  9856 D OplusScrollToTopManager: Receiver not registered: android.view.OplusScrollToTopManager$1@2be28be
03-04 22:42:22.841  9856  9856 D OplusScrollToTopManager: unregisterSystemUIBroadcastReceiver 
03-04 22:42:22.841  9856  9856 D OplusScrollToTopManager: java.lang.IllegalArgumentException: Receiver not registered: android.view.OplusScrollToTopManager$2@c556d1f
03-04 22:42:22.846  9856  9856 V ZoomWindowDecorView: removeZoomView
03-04 22:42:22.847  9856  9930 D BufferQueueProducer: [VRI[MainActivity]#15(BLAST Consumer)15](id:26800000000f,api:1,p:9856,c:9856) disconnect: api 1
03-04 22:42:22.848  9856  9930 D OpenGLRenderer: endAllActiveAnimators on 0xb400006f8e799200 (RippleDrawable) with handle 0xb400006f811b4f40
03-04 22:42:22.878  9856  9901 D BufferQueueConsumer: [VRI[MainActivity]#15(BLAST Consumer)15](id:26800000000f,api:0,p:-1,c:9856) disconnect
03-04 22:42:22.880  9856  9856 I Quality : Skipped: true 1 cost 30.448076 refreshRate 16661152 bit true processName com.pololo365.MiExpo
03-04 22:42:22.882  9856  9856 W OnBackInvokedCallback: OnBackInvokedCallback is not enabled for the application.
03-04 22:42:22.882  9856  9856 W OnBackInvokedCallback: Set 'android:enableOnBackInvokedCallback="true"' in the application manifest.
03-04 22:42:22.923  9856  9856 D VRI[MainActivity]: onFocusEvent true
03-04 22:42:22.923  9856  9856 W OnBackInvokedCallback: OnBackInvokedCallback is not enabled for the application.
03-04 22:42:22.923  9856  9856 W OnBackInvokedCallback: Set 'android:enableOnBackInvokedCallback="true"' in the application manifest.
