--------- beginning of system
03-04 22:27:29.916  9856  9856 D OplusInputMethodUtil: init sDebug to false, init sDebugIme to false, init sAlwaysOn to false
03-04 22:27:29.916  9856  9856 D OplusInputMethodUtil: updateDebugToClass InputMethodManager.DEBUG = false
03-04 22:27:29.916  9856  9856 D OplusInputMethodUtil: updateDebugToClass ImeFocusController.DEBUG = false
03-04 22:27:29.916  9856  9856 D OplusInputMethodUtil: updateDebugToClass BaseInputConnection.DEBUG = false
03-04 22:27:29.916  9856  9856 D OplusInputMethodUtil: updateDebugToClass ImeFocusController.sDebugIme = false
03-04 22:27:29.953  9856  9856 I Quality : Skipped: false 2 cost 37.384583 refreshRate 16654568 bit true processName com.pololo365.MiExpo
03-04 22:27:29.977  9856  9856 V ZoomWindowDecorView: setLastReportedMergedConfiguration mZoomDisplayHeight: 2400 getDecorView.92726027
03-04 22:27:30.585  9856  9952 E OplusCustomizeRestrictionManager: sInstance is null, start a new sInstance
03-04 22:27:30.909  9856  9856 I Quality : Skipped: false 1 cost 29.139366 refreshRate 16654307 bit true processName com.pololo365.MiExpo
03-04 22:27:30.962  9856  9856 I Quality : Skipped: true 2 cost 48.040283 refreshRate 16654307 bit true processName com.pololo365.MiExpo
03-04 22:27:33.428  9856  9856 D OplusInputMethodManagerInternal: get inputMethodManager extension: com.android.internal.view.IInputMethodManager$Stub$Proxy@72a4000
03-04 22:27:33.478  9856  9856 I Quality : Skipped: true 1 cost 17.126747 refreshRate 16652055 bit true processName com.pololo365.MiExpo
--------- beginning of main
03-04 22:27:40.707  9856  9856 V TextView: notifyAutoFillManagerAfterTextChanged
03-04 22:27:40.708  9856  9856 V AutofillManager: updateSessionLocked(): id=1073741825, bounds=null, value=[type=1, value=2_chars], action=4, flags=128
03-04 22:27:40.718  9856  9856 D CursorFeedback: getExtraCursorWidth
03-04 22:27:40.718  9856  9856 D CursorFeedback: getExtraLeftOffset
03-04 22:27:40.728  9856  9856 V TextView: notifyAutoFillManagerAfterTextChanged
03-04 22:27:40.728  9856  9856 V AutofillManager: updateSessionLocked(): id=1073741825, bounds=null, value=[type=1, value=2_chars], action=4, flags=128
03-04 22:27:40.729  9856  9856 D CursorFeedback: getExtraCursorWidth
03-04 22:27:40.729  9856  9856 D CursorFeedback: getExtraLeftOffset
03-04 22:27:41.754  9856  9856 V TextView: notifyAutoFillManagerAfterTextChanged
03-04 22:27:41.754  9856  9856 V AutofillManager: updateSessionLocked(): id=1073741825, bounds=null, value=[type=1, value=11_chars], action=4, flags=128
03-04 22:27:41.763  9856  9856 D CursorFeedback: getExtraCursorWidth
03-04 22:27:41.763  9856  9856 D CursorFeedback: getExtraLeftOffset
03-04 22:27:41.770  9856  9952 I ReactNativeJS: 'Error al cargar la contraseña', [Error: Invalid key provided to SecureStore. Keys must not be empty and contain only alphanumeric characters, ".", "-", and "_".]
03-04 22:27:41.776  9856  9856 V TextView: notifyAutoFillManagerAfterTextChanged
03-04 22:27:41.776  9856  9856 V AutofillManager: updateSessionLocked(): id=1073741825, bounds=null, value=[type=1, value=11_chars], action=4, flags=128
03-04 22:27:41.777  9856  9856 D CursorFeedback: getExtraCursorWidth
03-04 22:27:41.777  9856  9856 D CursorFeedback: getExtraLeftOffset
03-04 22:27:42.732  9856  9856 V TextView: notifyAutoFillManagerAfterTextChanged
03-04 22:27:42.732  9856  9856 V AutofillManager: updateSessionLocked(): id=1073741825, bounds=null, value=[type=1, value=10_chars], action=4, flags=128
03-04 22:27:42.744  9856  9856 D CursorFeedback: getExtraCursorWidth
03-04 22:27:42.744  9856  9856 D CursorFeedback: getExtraLeftOffset
03-04 22:27:42.777  9856  9856 V TextView: notifyAutoFillManagerAfterTextChanged
03-04 22:27:42.777  9856  9856 V AutofillManager: updateSessionLocked(): id=1073741825, bounds=null, value=[type=1, value=10_chars], action=4, flags=128
03-04 22:27:42.779  9856  9856 D CursorFeedback: getExtraCursorWidth
03-04 22:27:42.779  9856  9856 D CursorFeedback: getExtraLeftOffset
03-04 22:27:43.654  9856  9856 V AutofillManager: requestHideFillUi(null): anchor = null
03-04 22:27:43.823  9856  9856 V AutofillManager: updateSessionLocked(): id=1073741825, bounds=null, value=null, action=3, flags=0
03-04 22:27:43.824  9856  9856 V AutofillManager: updateSessionLocked(): id=1073741826, bounds=null, value=[type=1, value=0_chars], action=2, flags=132
03-04 22:27:43.829  9856  9856 D InputMethodManager: showSoftInput() view=com.facebook.react.views.textinput.ReactEditText{4c304c4 VFED..CL. .F....ID 60,618-1020,729 #2e aid=1073741826} flags=0 reason=SHOW_SOFT_INPUT
03-04 22:27:43.832  9856  9856 D CursorFeedback: getExtraCursorWidth
03-04 22:27:43.832  9856  9856 D CursorFeedback: getExtraLeftOffset
03-04 22:27:43.833  9856  9856 W RemoteInputConnectionImpl: requestCursorAnchorInfo on inactive InputConnection
03-04 22:27:43.848  9856  9856 V AutofillManager: notifyCallback(): sessionId=110068902, autofillId=1073741826@110068902, event=1
03-04 22:27:43.867  9856  9856 W OnBackInvokedCallback: OnBackInvokedCallback is not enabled for the application.
03-04 22:27:43.867  9856  9856 W OnBackInvokedCallback: Set 'android:enableOnBackInvokedCallback="true"' in the application manifest.
03-04 22:27:43.868  9856  9856 D InsetsController: show(ime(), fromIme=true)
03-04 22:27:43.874  9856  9856 D InsetsController: show(ime(), fromIme=true)
03-04 22:27:44.759  9856  9856 V AutofillManager: requestHideFillUi(null): anchor = null
03-04 22:27:45.344  9856  9856 D WindowManager: Add to mViews: android.widget.PopupWindow$PopupDecorView{c5ea786 V.E...... R.....I. 0,0-0,0},pkg= com.pololo365.MiExpo
03-04 22:27:45.356  9856  9856 D ViewRootImplExtImpl: onDisplayChanged -1 for VRI android.view.ViewRootImpl@eedb612
03-04 22:27:45.357  9856  9856 D InputEventReceiver: Input log is disabled
03-04 22:27:45.374  9856  9856 D BufferQueueConsumer: [](id:268000000001,api:0,p:-1,c:9856) connect: controlledByApp=false
03-04 22:27:45.376  9856  9930 D BufferQueueProducer: [VRI[PopupWindow:56dc061]#1(BLAST Consumer)1](id:268000000001,api:1,p:9856,c:9856) connect: api=1 producerControlledByApp=true
03-04 22:27:45.377  9856  9856 D VRI[PopupWindow:56dc061]: registerCallbacksForSync syncBuffer=false
03-04 22:27:45.401  9856  9930 D VRI[PopupWindow:56dc061]: Received frameCommittedCallback lastAttemptedDrawFrameNum=1 didProduceBuffer=true syncBuffer=false
03-04 22:27:45.402  9856  9930 W Parcel  : Expecting binder but got null!
03-04 22:27:45.402  9856  9856 D VRI[PopupWindow:56dc061]: draw finished.
03-04 22:27:45.403  9856  9856 I Quality : Skipped: false 2 cost 33.522446 refreshRate 16652895 bit true processName com.pololo365.MiExpo
03-04 22:27:45.421  9856  9856 D VRI[PopupWindow:56dc061]: registerCallbacksForSync syncBuffer=false
03-04 22:27:45.421  9856  9930 D VRI[PopupWindow:56dc061]: Received frameCommittedCallback lastAttemptedDrawFrameNum=2 didProduceBuffer=false syncBuffer=false
03-04 22:27:45.421  9856  9856 D VRI[PopupWindow:56dc061]: draw finished.
03-04 22:27:45.616  9856  9856 D CompatibilityChangeReporter: Compat change id reported: 171228096; UID 10247; state: ENABLED
03-04 22:27:45.650  9856  9856 D WindowManager: Add to mViews: android.widget.PopupWindow$PopupDecorView{589eacc V.E...... R.....I. 0,0-0,0},pkg= com.pololo365.MiExpo
03-04 22:27:45.658  9856  9856 D ViewRootImplExtImpl: onDisplayChanged -1 for VRI android.view.ViewRootImpl@8d0e7b8
03-04 22:27:45.658  9856  9856 D InputEventReceiver: Input log is disabled
03-04 22:27:45.659  9856  9856 I Quality : Skipped: false 4 cost 73.174446 refreshRate 16653576 bit true processName com.pololo365.MiExpo
03-04 22:27:45.672  9856  9856 D BufferQueueConsumer: [](id:268000000002,api:0,p:-1,c:9856) connect: controlledByApp=false
03-04 22:27:45.677  9856  9930 D BufferQueueProducer: [VRI[PopupWindow:bd68cff]#2(BLAST Consumer)2](id:268000000002,api:1,p:9856,c:9856) connect: api=1 producerControlledByApp=true
03-04 22:27:45.681  9856  9856 D VRI[PopupWindow:bd68cff]: registerCallbacksForSync syncBuffer=false
03-04 22:27:45.686  9856  9930 D VRI[PopupWindow:bd68cff]: Received frameCommittedCallback lastAttemptedDrawFrameNum=1 didProduceBuffer=true syncBuffer=false
03-04 22:27:45.687  9856  9930 W Parcel  : Expecting binder but got null!
03-04 22:27:45.687  9856  9856 D VRI[PopupWindow:bd68cff]: draw finished.
03-04 22:27:45.689  9856  9856 I Quality : Skipped: false 1 cost 20.349691 refreshRate 16653576 bit true processName com.pololo365.MiExpo
03-04 22:27:45.703  9856  9856 D VRI[PopupWindow:bd68cff]: registerCallbacksForSync syncBuffer=false
03-04 22:27:45.752  9856  9930 D VRI[PopupWindow:bd68cff]: Received frameCommittedCallback lastAttemptedDrawFrameNum=3 didProduceBuffer=true syncBuffer=false
03-04 22:27:45.752  9856  9856 D VRI[PopupWindow:bd68cff]: draw finished.
03-04 22:27:45.752  9856  9856 I Quality : Skipped: true 1 cost 32.992607 refreshRate 16653367 bit true processName com.pololo365.MiExpo
03-04 22:27:46.305  9856  9856 V AutofillManager: requestHideFillUi(null): anchor = null
03-04 22:27:46.309  9856  9856 D OplusSystemUINavigationGestureExtImpl: regionString = null
03-04 22:27:46.441  9856  9856 I Quality : Skipped: false 5 cost 89.40999 refreshRate 16655119 bit true processName com.pololo365.MiExpo
03-04 22:27:46.464  9856  9856 D OplusScrollToTopManager: unregisterGuidePopupDismissReceiverInSystemUI
03-04 22:27:46.464  9856  9856 D OplusScrollToTopManager: Receiver not registered: android.view.OplusScrollToTopManager$1@ec39efc
03-04 22:27:46.464  9856  9856 D OplusScrollToTopManager: unregisterSystemUIBroadcastReceiver 
03-04 22:27:46.464  9856  9856 D OplusScrollToTopManager: java.lang.IllegalArgumentException: Receiver not registered: android.view.OplusScrollToTopManager$2@6a3a985
03-04 22:27:46.464  9856  9856 V ZoomWindowDecorView: removeZoomView
03-04 22:27:46.489  9856  9930 D BufferQueueProducer: [VRI[PopupWindow:56dc061]#1(BLAST Consumer)1](id:268000000001,api:1,p:9856,c:9856) disconnect: api 1
03-04 22:27:46.489  9856  9856 D BufferQueueConsumer: [VRI[PopupWindow:56dc061]#1(BLAST Consumer)1](id:268000000001,api:0,p:-1,c:9856) disconnect
03-04 22:27:46.505  9856  9856 V TextView: notifyAutoFillManagerAfterTextChanged
03-04 22:27:46.505  9856  9856 V AutofillManager: updateSessionLocked(): id=1073741826, bounds=null, value=[type=1, value=11_chars], action=4, flags=128
03-04 22:27:46.507  9856  9856 I Quality : Skipped: false 3 cost 54.853497 refreshRate 16655275 bit true processName com.pololo365.MiExpo
03-04 22:27:46.509  9856  9856 D CursorFeedback: getExtraCursorWidth
03-04 22:27:46.509  9856  9856 D CursorFeedback: getExtraLeftOffset
03-04 22:27:46.524  9856  9856 V AutofillManager: notifyCallback(): sessionId=110068902, autofillId=1073741826@110068902, event=2
03-04 22:27:46.725  9856  9856 I Quality : Skipped: true 1 cost 22.87966 refreshRate 16654734 bit true processName com.pololo365.MiExpo
03-04 22:27:46.760  9856  9856 D OplusScrollToTopManager: unregisterGuidePopupDismissReceiverInSystemUI
03-04 22:27:46.760  9856  9856 D OplusScrollToTopManager: Receiver not registered: android.view.OplusScrollToTopManager$1@7217300
03-04 22:27:46.760  9856  9856 D OplusScrollToTopManager: unregisterSystemUIBroadcastReceiver 
03-04 22:27:46.760  9856  9856 D OplusScrollToTopManager: java.lang.IllegalArgumentException: Receiver not registered: android.view.OplusScrollToTopManager$2@c482739
03-04 22:27:46.764  9856  9856 V ZoomWindowDecorView: removeZoomView
03-04 22:27:46.772  9856  9930 D BufferQueueProducer: [VRI[PopupWindow:bd68cff]#2(BLAST Consumer)2](id:268000000002,api:1,p:9856,c:9856) disconnect: api 1
03-04 22:27:46.772  9856  9930 D OpenGLRenderer: endAllActiveAnimators on 0xb400006f810cde00 (RippleDrawable) with handle 0xb400006fed50f400
03-04 22:27:46.805  9856  9903 D BufferQueueConsumer: [VRI[PopupWindow:bd68cff]#2(BLAST Consumer)2](id:268000000002,api:0,p:-1,c:9856) disconnect
03-04 22:27:47.514  9856  9856 V AutofillManager: requestHideFillUi(null): anchor = null
03-04 22:27:47.597  9856  9856 I Quality : Skipped: true 1 cost 29.344206 refreshRate 16657463 bit true processName com.pololo365.MiExpo
03-04 22:27:47.717  9856 10364 I WebViewFactory: Loading com.google.android.webview version 133.0.6943.122 (code 694312233)
03-04 22:27:47.734  9856 10364 W ziparchive: Unable to open '/data/app/~~8HFGQfdy5HK5DdBBRWKd4A==/com.google.android.trichromelibrary_694312233-nkALtG0-qVil4r5DH8YklQ==/base.dm': No such file or directory
03-04 22:27:47.734  9856 10364 W ziparchive: Unable to open '/data/app/~~8HFGQfdy5HK5DdBBRWKd4A==/com.google.android.trichromelibrary_694312233-nkALtG0-qVil4r5DH8YklQ==/base.dm': No such file or directory
03-04 22:27:47.735  9856 10364 W ololo365.MiExpo: Entry not found
03-04 22:27:47.736  9856 10364 D nativeloader: Configuring clns-5 for other apk /data/app/~~8HFGQfdy5HK5DdBBRWKd4A==/com.google.android.trichromelibrary_694312233-nkALtG0-qVil4r5DH8YklQ==/base.apk. target_sdk_version=34, uses_libraries=ALL, library_path=/data/app/~~FpisvNK-AvWqUugzi-rQHg==/com.google.android.webview-RH_8W6nCbmC8NH1-gJS4og==/lib/arm64:/data/app/~~FpisvNK-AvWqUugzi-rQHg==/com.google.android.webview-RH_8W6nCbmC8NH1-gJS4og==/base.apk!/lib/arm64-v8a:/data/app/~~8HFGQfdy5HK5DdBBRWKd4A==/com.google.android.trichromelibrary_694312233-nkALtG0-qVil4r5DH8YklQ==/base.apk!/lib/arm64-v8a, permitted_path=/data:/mnt/expand
03-04 22:27:47.736  9856 10364 D nativeloader: Extending system_exposed_libraries: libbinauralrenderer_wrapper.qti.so:libhoaeffects.qti.so:libSloganJni.oplus.so:libsuperNight.oplus.so:libupdateprof.qti.so:libQOC.qti.so:libthermalclient.qti.so:libdiag_system.qti.so:libqape.qti.so:liblistenjni.qti.so
03-04 22:27:47.742  9856 10364 D nativeloader: Configuring clns-6 for other apk /system_ext/framework/androidx.window.extensions.jar. target_sdk_version=34, uses_libraries=ALL, library_path=/data/app/~~FpisvNK-AvWqUugzi-rQHg==/com.google.android.webview-RH_8W6nCbmC8NH1-gJS4og==/lib/arm64:/data/app/~~FpisvNK-AvWqUugzi-rQHg==/com.google.android.webview-RH_8W6nCbmC8NH1-gJS4og==/base.apk!/lib/arm64-v8a:/data/app/~~8HFGQfdy5HK5DdBBRWKd4A==/com.google.android.trichromelibrary_694312233-nkALtG0-qVil4r5DH8YklQ==/base.apk!/lib/arm64-v8a, permitted_path=/data:/mnt/expand
03-04 22:27:47.742  9856 10364 D nativeloader: Extending system_exposed_libraries: libbinauralrenderer_wrapper.qti.so:libhoaeffects.qti.so:libSloganJni.oplus.so:libsuperNight.oplus.so:libupdateprof.qti.so:libQOC.qti.so:libthermalclient.qti.so:libdiag_system.qti.so:libqape.qti.so:liblistenjni.qti.so
03-04 22:27:47.763  9856 10364 D nativeloader: Configuring clns-7 for other apk /data/app/~~FpisvNK-AvWqUugzi-rQHg==/com.google.android.webview-RH_8W6nCbmC8NH1-gJS4og==/base.apk. target_sdk_version=34, uses_libraries=, library_path=/data/app/~~FpisvNK-AvWqUugzi-rQHg==/com.google.android.webview-RH_8W6nCbmC8NH1-gJS4og==/lib/arm64:/data/app/~~FpisvNK-AvWqUugzi-rQHg==/com.google.android.webview-RH_8W6nCbmC8NH1-gJS4og==/base.apk!/lib/arm64-v8a:/data/app/~~8HFGQfdy5HK5DdBBRWKd4A==/com.google.android.trichromelibrary_694312233-nkALtG0-qVil4r5DH8YklQ==/base.apk!/lib/arm64-v8a, permitted_path=/data:/mnt/expand
03-04 22:27:47.855  9856 10364 I cr_WVCFactoryProvider: version=133.0.6943.122 (694312233) minSdkVersion=29 isBundle=false multiprocess=true packageId=2
03-04 22:27:47.861  9856 10364 D nativeloader: Load /data/app/~~8HFGQfdy5HK5DdBBRWKd4A==/com.google.android.trichromelibrary_694312233-nkALtG0-qVil4r5DH8YklQ==/base.apk!/lib/arm64-v8a/libmonochrome_64.so using ns clns-7 from class loader (caller=/data/app/~~FpisvNK-AvWqUugzi-rQHg==/com.google.android.webview-RH_8W6nCbmC8NH1-gJS4og==/base.apk): ok
03-04 22:27:47.871  9856 10364 D nativeloader: Load /system/lib64/libwebviewchromium_plat_support.so using ns clns-7 from class loader (caller=/data/app/~~FpisvNK-AvWqUugzi-rQHg==/com.google.android.webview-RH_8W6nCbmC8NH1-gJS4og==/base.apk): ok
03-04 22:27:47.892  9856 10379 I chromium: [0304/222747.885633:INFO:variations_seed_loader.cc(67)] Failed to open file for reading.: No such file or directory (2)
03-04 22:27:47.897  9856 10379 I chromium: [0304/222747.897041:INFO:variations_seed_loader.cc(67)] Failed to open file for reading.: No such file or directory (2)
03-04 22:27:47.937  9856 10364 I cr_LibraryLoader: Successfully loaded native library
03-04 22:27:47.940  9856 10364 I cr_CachingUmaRecorder: Flushed 6 samples from 6 histograms, 0 samples were dropped.
03-04 22:27:48.037  9856  9856 W OnBackInvokedCallback: OnBackInvokedCallback is not enabled for the application.
03-04 22:27:48.037  9856  9856 W OnBackInvokedCallback: Set 'android:enableOnBackInvokedCallback="true"' in the application manifest.
03-04 22:27:48.055  9856  9856 D ScrollOptimizationHelper: can't find the config file for optimizaiton
03-04 22:27:48.055  9856  9856 D ScrollOptimizationHelper: will not debug for debug is false
03-04 22:27:48.055  9856  9856 I oplus.android.OplusFrameworkFactoryImpl: get feature:IOplusDynamicVsyncFeature
03-04 22:27:48.055  9856  9856 I oplus.android.OplusFrameworkFactoryImpl: get feature:IOplusDynamicVsyncFeature
03-04 22:27:48.056  9856  9856 I oplus.android.OplusFrameworkFactoryImpl: get feature:IOplusDynamicVsyncFeature
03-04 22:27:48.059  9856  9856 I oplus.android.OplusFrameworkFactoryImpl: get feature:IOplusDynamicVsyncFeature
03-04 22:27:48.059  9856  9856 I oplus.android.OplusFrameworkFactoryImpl: get feature:IOplusDynamicVsyncFeature
03-04 22:27:48.059  9856  9856 I oplus.android.OplusFrameworkFactoryImpl: get feature:IOplusDynamicVsyncFeature
03-04 22:27:48.066  9856  9856 D WindowManager: Add to mViews: DecorView@39434f9[MainActivity],pkg= com.pololo365.MiExpo
03-04 22:27:48.077  9856  9856 D ViewRootImplExtImpl: onDisplayChanged -1 for VRI android.view.ViewRootImpl@55a27b5
03-04 22:27:48.077  9856  9856 D InputEventReceiver: Input log is disabled
03-04 22:27:48.078  9856  9856 I Quality : Skipped: false 1 cost 27.467428 refreshRate 16650351 bit true processName com.pololo365.MiExpo
03-04 22:27:48.079  9856  9856 V TextView: notifyAutoFillManagerAfterTextChanged
03-04 22:27:48.079  9856  9856 V AutofillManager: updateSessionLocked(): id=1073741825, bounds=null, value=[type=1, value=0_chars], action=4, flags=128
03-04 22:27:48.080  9856  9856 V TextView: notifyAutoFillManagerAfterTextChanged
03-04 22:27:48.080  9856  9856 V AutofillManager: updateSessionLocked(): id=1073741826, bounds=null, value=[type=1, value=0_chars], action=4, flags=128
03-04 22:27:48.082  9856  9856 V TextView: notifyAutoFillManagerAfterTextChanged
03-04 22:27:48.082  9856  9856 V AutofillManager: updateSessionLocked(): id=1073741825, bounds=null, value=[type=1, value=0_chars], action=4, flags=128
03-04 22:27:48.102  9856  9856 D BufferQueueConsumer: [](id:268000000003,api:0,p:-1,c:9856) connect: controlledByApp=false
03-04 22:27:48.103  9856  9856 E IPCThreadState: attemptIncStrongHandle(87): Not supported
03-04 22:27:48.103  9856  9856 E IPCThreadState: attemptIncStrongHandle(83): Not supported
03-04 22:27:48.105  9856  9856 V ZoomWindowDecorView: setLastReportedMergedConfiguration mZoomDisplayHeight: 2400 getDecorView.60044537
03-04 22:27:48.106  9856  9930 D BufferQueueProducer: [VRI[MainActivity]#3(BLAST Consumer)3](id:268000000003,api:1,p:9856,c:9856) connect: api=1 producerControlledByApp=true
03-04 22:27:48.108  9856  9856 D VRI[MainActivity]: registerCallbacksForSync syncBuffer=false
03-04 22:27:48.125  9856  9930 D VRI[MainActivity]: Received frameCommittedCallback lastAttemptedDrawFrameNum=1 didProduceBuffer=true syncBuffer=false
03-04 22:27:48.125  9856  9930 W Parcel  : Expecting binder but got null!
03-04 22:27:48.125  9856  9856 D VRI[MainActivity]: draw finished.
03-04 22:27:48.126  9856  9856 D CursorFeedback: getExtraCursorWidth
03-04 22:27:48.126  9856  9856 D CursorFeedback: getExtraLeftOffset
03-04 22:27:48.128  9856  9856 D VRI[MainActivity]: onFocusEvent false
03-04 22:27:48.154  9856  9856 V AutofillManager: notifyCallback(): sessionId=110068902, autofillId=1073741826@110068902, event=1
03-04 22:27:48.154  9856  9856 I Quality : Skipped: false 4 cost 70.10061 refreshRate 16649442 bit true processName com.pololo365.MiExpo
03-04 22:27:48.170  9856  9856 D VRI[MainActivity]: registerCallbacksForSync syncBuffer=false
03-04 22:27:48.172  9856  9930 D VRI[MainActivity]: Received frameCommittedCallback lastAttemptedDrawFrameNum=3 didProduceBuffer=true syncBuffer=false
03-04 22:27:48.172  9856  9856 D VRI[MainActivity]: draw finished.
03-04 22:27:48.191  9856  9856 D VRI[MainActivity]: onFocusEvent true
03-04 22:27:48.275  9856  9856 D InsetsController: show(ime(), fromIme=true)
03-04 22:27:49.070  9856  9941 I ReactNativeJNI: Memory warning (pressure level: TRIM_MEMORY_RUNNING_CRITICAL) received by JS VM, running a GC
03-04 22:27:53.824  9856  9856 V AutofillManager: requestHideFillUi(null): anchor = null
03-04 22:27:53.829  9856  9856 D OplusSystemUINavigationGestureExtImpl: regionString = null
03-04 22:27:54.061  9856  9856 I Quality : Skipped: true 5 cost 98.13019 refreshRate 16651002 bit true processName com.pololo365.MiExpo
03-04 22:27:54.085  9856  9856 D OplusScrollToTopManager: unregisterGuidePopupDismissReceiverInSystemUI
03-04 22:27:54.086  9856  9856 D OplusScrollToTopManager: Receiver not registered: android.view.OplusScrollToTopManager$1@7eea9aa
03-04 22:27:54.086  9856  9856 D OplusScrollToTopManager: unregisterSystemUIBroadcastReceiver 
03-04 22:27:54.086  9856  9856 D OplusScrollToTopManager: java.lang.IllegalArgumentException: Receiver not registered: android.view.OplusScrollToTopManager$2@bcc399b
03-04 22:27:54.090  9856  9856 V ZoomWindowDecorView: removeZoomView
03-04 22:27:54.092  9856  9930 D BufferQueueProducer: [VRI[MainActivity]#3(BLAST Consumer)3](id:268000000003,api:1,p:9856,c:9856) disconnect: api 1
03-04 22:27:54.093  9856  9930 D OpenGLRenderer: endAllActiveAnimators on 0xb400006f7b43c400 (RippleDrawable) with handle 0xb400006f81309560
03-04 22:27:54.124  9856  9856 I Quality : Skipped: true 2 cost 45.45286 refreshRate 16656287 bit true processName com.pololo365.MiExpo
03-04 22:27:54.126  9856  9856 W OnBackInvokedCallback: OnBackInvokedCallback is not enabled for the application.
03-04 22:27:54.126  9856  9856 W OnBackInvokedCallback: Set 'android:enableOnBackInvokedCallback="true"' in the application manifest.
03-04 22:27:54.138  9856 10097 D BufferQueueConsumer: [VRI[MainActivity]#3(BLAST Consumer)3](id:268000000003,api:0,p:-1,c:9856) disconnect
03-04 22:27:54.160  9856  9856 D VRI[MainActivity]: onFocusEvent true
03-04 22:27:54.161  9856  9856 W OnBackInvokedCallback: OnBackInvokedCallback is not enabled for the application.
03-04 22:27:54.161  9856  9856 W OnBackInvokedCallback: Set 'android:enableOnBackInvokedCallback="true"' in the application manifest.
03-04 22:28:05.995  9856  9856 D CompatibilityChangeReporter: Compat change id reported: 150939131; UID 10247; state: ENABLED
03-04 22:28:15.595  9856  9856 V AutofillManager: requestHideFillUi(null): anchor = null
03-04 22:28:15.838  9856  9873 W ololo365.MiExpo: Cleared Reference was only reachable from finalizer (only reported once)
03-04 22:28:48.810  9856  9856 V AutofillManager: requestHideFillUi(null): anchor = null
03-04 22:28:48.908  9856  9856 V AutofillManager: updateSessionLocked(): id=1073741826, bounds=null, value=null, action=3, flags=0
03-04 22:28:48.909  9856  9856 V AutofillManager: updateSessionLocked(): id=1073741825, bounds=null, value=[type=1, value=0_chars], action=2, flags=128
03-04 22:28:48.915  9856  9856 D InputMethodManager: showSoftInput() view=com.facebook.react.views.textinput.ReactEditText{9f6b756 VFED..CL. .F.P..ID 60,420-1020,531 #28 aid=1073741825} flags=0 reason=SHOW_SOFT_INPUT
03-04 22:28:48.917  9856  9856 D CursorFeedback: getExtraCursorWidth
03-04 22:28:48.917  9856  9856 D CursorFeedback: getExtraLeftOffset
03-04 22:28:48.929  9856  9856 W RemoteInputConnectionImpl: requestCursorAnchorInfo on inactive InputConnection
03-04 22:28:48.978  9856  9856 W OnBackInvokedCallback: OnBackInvokedCallback is not enabled for the application.
03-04 22:28:48.978  9856  9856 W OnBackInvokedCallback: Set 'android:enableOnBackInvokedCallback="true"' in the application manifest.
03-04 22:28:48.986  9856  9856 D InsetsController: show(ime(), fromIme=true)
03-04 22:28:48.993  9856  9856 D InsetsController: show(ime(), fromIme=true)
03-04 22:28:54.723  9856  9856 V TextView: notifyAutoFillManagerAfterTextChanged
03-04 22:28:54.723  9856  9856 V AutofillManager: updateSessionLocked(): id=1073741825, bounds=null, value=[type=1, value=1_chars], action=4, flags=128
03-04 22:28:54.730  9856  9856 D CursorFeedback: getExtraCursorWidth
03-04 22:28:54.730  9856  9856 D CursorFeedback: getExtraLeftOffset
03-04 22:28:54.756  9856  9856 V TextView: notifyAutoFillManagerAfterTextChanged
03-04 22:28:54.756  9856  9856 V AutofillManager: updateSessionLocked(): id=1073741825, bounds=null, value=[type=1, value=1_chars], action=4, flags=128
03-04 22:28:54.757  9856  9856 D CursorFeedback: getExtraCursorWidth
03-04 22:28:54.757  9856  9856 D CursorFeedback: getExtraLeftOffset
03-04 22:28:55.318  9856  9856 V TextView: notifyAutoFillManagerAfterTextChanged
03-04 22:28:55.318  9856  9856 V AutofillManager: updateSessionLocked(): id=1073741825, bounds=null, value=[type=1, value=2_chars], action=4, flags=128
03-04 22:28:55.327  9856  9856 D CursorFeedback: getExtraCursorWidth
03-04 22:28:55.327  9856  9856 D CursorFeedback: getExtraLeftOffset
03-04 22:28:55.357  9856  9856 V TextView: notifyAutoFillManagerAfterTextChanged
03-04 22:28:55.357  9856  9856 V AutofillManager: updateSessionLocked(): id=1073741825, bounds=null, value=[type=1, value=2_chars], action=4, flags=128
03-04 22:28:55.358  9856  9856 D CursorFeedback: getExtraCursorWidth
03-04 22:28:55.358  9856  9856 D CursorFeedback: getExtraLeftOffset
03-04 22:28:56.266  9856  9856 V TextView: notifyAutoFillManagerAfterTextChanged
03-04 22:28:56.266  9856  9856 V AutofillManager: updateSessionLocked(): id=1073741825, bounds=null, value=[type=1, value=1_chars], action=4, flags=128
03-04 22:28:56.272  9856  9856 D CursorFeedback: getExtraCursorWidth
03-04 22:28:56.272  9856  9856 D CursorFeedback: getExtraLeftOffset
03-04 22:28:56.292  9856  9856 V TextView: notifyAutoFillManagerAfterTextChanged
03-04 22:28:56.292  9856  9856 V AutofillManager: updateSessionLocked(): id=1073741825, bounds=null, value=[type=1, value=1_chars], action=4, flags=128
03-04 22:28:56.294  9856  9856 D CursorFeedback: getExtraCursorWidth
03-04 22:28:56.294  9856  9856 D CursorFeedback: getExtraLeftOffset
03-04 22:28:56.467  9856  9856 V TextView: notifyAutoFillManagerAfterTextChanged
03-04 22:28:56.467  9856  9856 V AutofillManager: updateSessionLocked(): id=1073741825, bounds=null, value=[type=1, value=0_chars], action=4, flags=128
03-04 22:28:56.475  9856  9856 D CursorFeedback: getExtraCursorWidth
03-04 22:28:56.475  9856  9856 D CursorFeedback: getExtraLeftOffset
03-04 22:28:56.505  9856  9856 V TextView: notifyAutoFillManagerAfterTextChanged
03-04 22:28:56.505  9856  9856 V AutofillManager: updateSessionLocked(): id=1073741825, bounds=null, value=[type=1, value=0_chars], action=4, flags=128
03-04 22:28:56.508  9856  9856 D CursorFeedback: getExtraCursorWidth
03-04 22:28:56.508  9856  9856 D CursorFeedback: getExtraLeftOffset
03-04 22:28:56.580  9856  9856 D InsetsController: show(ime(), fromIme=true)
03-04 22:28:58.981  9856  9856 V TextView: notifyAutoFillManagerAfterTextChanged
03-04 22:28:58.982  9856  9856 V AutofillManager: updateSessionLocked(): id=1073741825, bounds=null, value=[type=1, value=1_chars], action=4, flags=128
03-04 22:28:58.989  9856  9856 D CursorFeedback: getExtraCursorWidth
03-04 22:28:58.989  9856  9856 D CursorFeedback: getExtraLeftOffset
03-04 22:28:59.020  9856  9856 V TextView: notifyAutoFillManagerAfterTextChanged
03-04 22:28:59.020  9856  9856 V AutofillManager: updateSessionLocked(): id=1073741825, bounds=null, value=[type=1, value=1_chars], action=4, flags=128
03-04 22:28:59.021  9856  9856 D CursorFeedback: getExtraCursorWidth
03-04 22:28:59.021  9856  9856 D CursorFeedback: getExtraLeftOffset
03-04 22:28:59.487  9856  9856 V TextView: notifyAutoFillManagerAfterTextChanged
03-04 22:28:59.487  9856  9856 V AutofillManager: updateSessionLocked(): id=1073741825, bounds=null, value=[type=1, value=2_chars], action=4, flags=128
03-04 22:28:59.499  9856  9856 D CursorFeedback: getExtraCursorWidth
03-04 22:28:59.500  9856  9856 D CursorFeedback: getExtraLeftOffset
03-04 22:28:59.521  9856  9856 V TextView: notifyAutoFillManagerAfterTextChanged
03-04 22:28:59.521  9856  9856 V AutofillManager: updateSessionLocked(): id=1073741825, bounds=null, value=[type=1, value=2_chars], action=4, flags=128
03-04 22:28:59.522  9856  9856 D CursorFeedback: getExtraCursorWidth
03-04 22:28:59.522  9856  9856 D CursorFeedback: getExtraLeftOffset
03-04 22:29:00.474  9856  9856 V TextView: notifyAutoFillManagerAfterTextChanged
03-04 22:29:00.475  9856  9856 V AutofillManager: updateSessionLocked(): id=1073741825, bounds=null, value=[type=1, value=3_chars], action=4, flags=128
03-04 22:29:00.485  9856  9856 D CursorFeedback: getExtraCursorWidth
03-04 22:29:00.485  9856  9856 D CursorFeedback: getExtraLeftOffset
03-04 22:29:00.501  9856  9856 V TextView: notifyAutoFillManagerAfterTextChanged
03-04 22:29:00.501  9856  9856 V AutofillManager: updateSessionLocked(): id=1073741825, bounds=null, value=[type=1, value=3_chars], action=4, flags=128
03-04 22:29:00.502  9856  9856 D CursorFeedback: getExtraCursorWidth
03-04 22:29:00.502  9856  9856 D CursorFeedback: getExtraLeftOffset
03-04 22:29:00.914  9856  9856 V TextView: notifyAutoFillManagerAfterTextChanged
03-04 22:29:00.914  9856  9856 V AutofillManager: updateSessionLocked(): id=1073741825, bounds=null, value=[type=1, value=4_chars], action=4, flags=128
03-04 22:29:00.923  9856  9856 D CursorFeedback: getExtraCursorWidth
03-04 22:29:00.923  9856  9856 D CursorFeedback: getExtraLeftOffset
03-04 22:29:00.970  9856  9856 V TextView: notifyAutoFillManagerAfterTextChanged
03-04 22:29:00.970  9856  9856 V AutofillManager: updateSessionLocked(): id=1073741825, bounds=null, value=[type=1, value=4_chars], action=4, flags=128
03-04 22:29:00.974  9856  9856 D CursorFeedback: getExtraCursorWidth
03-04 22:29:00.974  9856  9856 D CursorFeedback: getExtraLeftOffset
03-04 22:29:01.212  9856  9856 V TextView: notifyAutoFillManagerAfterTextChanged
03-04 22:29:01.213  9856  9856 V AutofillManager: updateSessionLocked(): id=1073741825, bounds=null, value=[type=1, value=5_chars], action=4, flags=128
03-04 22:29:01.220  9856  9856 D CursorFeedback: getExtraCursorWidth
03-04 22:29:01.220  9856  9856 D CursorFeedback: getExtraLeftOffset
03-04 22:29:01.250  9856  9856 V TextView: notifyAutoFillManagerAfterTextChanged
03-04 22:29:01.251  9856  9856 V AutofillManager: updateSessionLocked(): id=1073741825, bounds=null, value=[type=1, value=5_chars], action=4, flags=128
03-04 22:29:01.252  9856  9856 D CursorFeedback: getExtraCursorWidth
03-04 22:29:01.252  9856  9856 D CursorFeedback: getExtraLeftOffset
03-04 22:29:02.288  9856  9856 V TextView: notifyAutoFillManagerAfterTextChanged
03-04 22:29:02.288  9856  9856 V AutofillManager: updateSessionLocked(): id=1073741825, bounds=null, value=[type=1, value=4_chars], action=4, flags=128
03-04 22:29:02.300  9856  9856 D CursorFeedback: getExtraCursorWidth
03-04 22:29:02.300  9856  9856 D CursorFeedback: getExtraLeftOffset
03-04 22:29:02.317  9856  9856 V TextView: notifyAutoFillManagerAfterTextChanged
03-04 22:29:02.317  9856  9856 V AutofillManager: updateSessionLocked(): id=1073741825, bounds=null, value=[type=1, value=4_chars], action=4, flags=128
03-04 22:29:02.319  9856  9856 D CursorFeedback: getExtraCursorWidth
03-04 22:29:02.319  9856  9856 D CursorFeedback: getExtraLeftOffset
03-04 22:29:03.369  9856  9856 V TextView: notifyAutoFillManagerAfterTextChanged
03-04 22:29:03.369  9856  9856 V AutofillManager: updateSessionLocked(): id=1073741825, bounds=null, value=[type=1, value=11_chars], action=4, flags=128
03-04 22:29:03.383  9856  9856 D CursorFeedback: getExtraCursorWidth
03-04 22:29:03.383  9856  9856 D CursorFeedback: getExtraLeftOffset
03-04 22:29:03.391  9856  9952 I ReactNativeJS: 'Error al cargar la contraseña', [Error: Invalid key provided to SecureStore. Keys must not be empty and contain only alphanumeric characters, ".", "-", and "_".]
03-04 22:29:03.399  9856  9856 V TextView: notifyAutoFillManagerAfterTextChanged
03-04 22:29:03.399  9856  9856 V AutofillManager: updateSessionLocked(): id=1073741825, bounds=null, value=[type=1, value=11_chars], action=4, flags=128
03-04 22:29:03.401  9856  9856 D CursorFeedback: getExtraCursorWidth
03-04 22:29:03.401  9856  9856 D CursorFeedback: getExtraLeftOffset
03-04 22:29:04.659  9856  9856 V TextView: notifyAutoFillManagerAfterTextChanged
03-04 22:29:04.659  9856  9856 V AutofillManager: updateSessionLocked(): id=1073741825, bounds=null, value=[type=1, value=10_chars], action=4, flags=128
03-04 22:29:04.666  9856  9856 D CursorFeedback: getExtraCursorWidth
03-04 22:29:04.666  9856  9856 D CursorFeedback: getExtraLeftOffset
03-04 22:29:04.686  9856  9856 V TextView: notifyAutoFillManagerAfterTextChanged
03-04 22:29:04.686  9856  9856 V AutofillManager: updateSessionLocked(): id=1073741825, bounds=null, value=[type=1, value=10_chars], action=4, flags=128
03-04 22:29:04.688  9856  9856 D CursorFeedback: getExtraCursorWidth
03-04 22:29:04.688  9856  9856 D CursorFeedback: getExtraLeftOffset
03-04 22:29:08.277  9856  9856 V AutofillManager: requestHideFillUi(null): anchor = null
03-04 22:29:08.378  9856  9856 V AutofillManager: updateSessionLocked(): id=1073741825, bounds=null, value=null, action=3, flags=0
03-04 22:29:08.381  9856  9856 V AutofillManager: updateSessionLocked(): id=1073741826, bounds=null, value=[type=1, value=0_chars], action=2, flags=132
03-04 22:29:08.391  9856  9856 D InputMethodManager: showSoftInput() view=com.facebook.react.views.textinput.ReactEditText{4c304c4 VFED..CL. .F.P..ID 60,618-1020,729 #2e aid=1073741826} flags=0 reason=SHOW_SOFT_INPUT
03-04 22:29:08.399  9856  9856 W RemoteInputConnectionImpl: requestCursorAnchorInfo on inactive InputConnection
03-04 22:29:08.447  9856  9856 W OnBackInvokedCallback: OnBackInvokedCallback is not enabled for the application.
03-04 22:29:08.447  9856  9856 W OnBackInvokedCallback: Set 'android:enableOnBackInvokedCallback="true"' in the application manifest.
03-04 22:29:08.451  9856  9856 D InsetsController: show(ime(), fromIme=true)
03-04 22:29:10.071  9856  9856 V AutofillManager: requestHideFillUi(null): anchor = null
03-04 22:29:10.928  9856  9856 D WindowManager: Add to mViews: android.widget.PopupWindow$PopupDecorView{707b89b V.E...... R.....I. 0,0-0,0},pkg= com.pololo365.MiExpo
03-04 22:29:10.940  9856  9856 D ViewRootImplExtImpl: onDisplayChanged -1 for VRI android.view.ViewRootImpl@1f4377
03-04 22:29:10.941  9856  9856 D InputEventReceiver: Input log is disabled
03-04 22:29:10.943  9856  9856 I Quality : Skipped: false 4 cost 69.7749 refreshRate 16656448 bit true processName com.pololo365.MiExpo
03-04 22:29:10.948  9856  9856 D WindowManager: Add to mViews: android.widget.PopupWindow$PopupDecorView{3c53f02 V.E...... R.....I. 0,0-0,0},pkg= com.pololo365.MiExpo
03-04 22:29:10.958  9856  9856 D ViewRootImplExtImpl: onDisplayChanged -1 for VRI android.view.ViewRootImpl@6cc494e
03-04 22:29:10.959  9856  9856 D InputEventReceiver: Input log is disabled
03-04 22:29:10.974  9856  9856 D BufferQueueConsumer: [](id:268000000004,api:0,p:-1,c:9856) connect: controlledByApp=false
03-04 22:29:10.976  9856  9856 E IPCThreadState: attemptIncStrongHandle(93): Not supported
03-04 22:29:10.979  9856  9930 D BufferQueueProducer: [VRI[PopupWindow:afcc4aa]#4(BLAST Consumer)4](id:268000000004,api:1,p:9856,c:9856) connect: api=1 producerControlledByApp=true
03-04 22:29:10.982  9856  9856 D VRI[PopupWindow:afcc4aa]: registerCallbacksForSync syncBuffer=false
03-04 22:29:10.989  9856  9930 D VRI[PopupWindow:afcc4aa]: Received frameCommittedCallback lastAttemptedDrawFrameNum=1 didProduceBuffer=true syncBuffer=false
03-04 22:29:10.991  9856  9930 W Parcel  : Expecting binder but got null!
03-04 22:29:10.992  9856  9856 D VRI[PopupWindow:afcc4aa]: draw finished.
03-04 22:29:10.996  9856  9856 I Quality : Skipped: false 2 cost 40.33584 refreshRate 16654565 bit true processName com.pololo365.MiExpo
03-04 22:29:11.023  9856  9856 D BufferQueueConsumer: [](id:268000000005,api:0,p:-1,c:9856) connect: controlledByApp=false
03-04 22:29:11.027  9856  9930 D BufferQueueProducer: [VRI[PopupWindow:e92584d]#5(BLAST Consumer)5](id:268000000005,api:1,p:9856,c:9856) connect: api=1 producerControlledByApp=true
03-04 22:29:11.030  9856  9856 D VRI[PopupWindow:e92584d]: registerCallbacksForSync syncBuffer=false
03-04 22:29:11.034  9856  9930 D VRI[PopupWindow:e92584d]: Received frameCommittedCallback lastAttemptedDrawFrameNum=1 didProduceBuffer=true syncBuffer=false
03-04 22:29:11.035  9856  9930 W Parcel  : Expecting binder but got null!
03-04 22:29:11.035  9856  9856 D VRI[PopupWindow:e92584d]: draw finished.
03-04 22:29:11.042  9856  9856 I Quality : Skipped: false 2 cost 36.264786 refreshRate 16653281 bit true processName com.pololo365.MiExpo
03-04 22:29:11.043  9856  9856 D VRI[PopupWindow:afcc4aa]: registerCallbacksForSync syncBuffer=false
03-04 22:29:11.046  9856  9930 D VRI[PopupWindow:afcc4aa]: Received frameCommittedCallback lastAttemptedDrawFrameNum=3 didProduceBuffer=true syncBuffer=false
03-04 22:29:11.046  9856  9856 D VRI[PopupWindow:afcc4aa]: draw finished.
03-04 22:29:11.057  9856  9856 D VRI[PopupWindow:e92584d]: registerCallbacksForSync syncBuffer=false
03-04 22:29:11.060  9856  9930 D VRI[PopupWindow:e92584d]: Received frameCommittedCallback lastAttemptedDrawFrameNum=2 didProduceBuffer=true syncBuffer=false
03-04 22:29:11.060  9856  9856 D VRI[PopupWindow:e92584d]: draw finished.
03-04 22:29:11.681  9856  9856 V AutofillManager: requestHideFillUi(null): anchor = null
03-04 22:29:11.688  9856  9856 D OplusSystemUINavigationGestureExtImpl: regionString = null
03-04 22:29:11.753  9856  9856 D OplusScrollToTopManager: unregisterGuidePopupDismissReceiverInSystemUI
03-04 22:29:11.754  9856  9856 D OplusScrollToTopManager: Receiver not registered: android.view.OplusScrollToTopManager$1@536bf80
03-04 22:29:11.754  9856  9856 D OplusScrollToTopManager: unregisterSystemUIBroadcastReceiver 
03-04 22:29:11.754  9856  9856 D OplusScrollToTopManager: java.lang.IllegalArgumentException: Receiver not registered: android.view.OplusScrollToTopManager$2@3a8b9b9
03-04 22:29:11.754  9856  9856 V ZoomWindowDecorView: removeZoomView
03-04 22:29:11.756  9856  9930 D BufferQueueProducer: [VRI[PopupWindow:e92584d]#5(BLAST Consumer)5](id:268000000005,api:1,p:9856,c:9856) disconnect: api 1
03-04 22:29:11.757  9856  9856 D BufferQueueConsumer: [VRI[PopupWindow:e92584d]#5(BLAST Consumer)5](id:268000000005,api:0,p:-1,c:9856) disconnect
03-04 22:29:11.771  9856  9856 V TextView: notifyAutoFillManagerAfterTextChanged
03-04 22:29:11.772  9856  9856 V AutofillManager: updateSessionLocked(): id=1073741826, bounds=null, value=[type=1, value=11_chars], action=4, flags=128
03-04 22:29:11.774  9856  9856 I Quality : Skipped: false 1 cost 18.396553 refreshRate 16652511 bit true processName com.pololo365.MiExpo
03-04 22:29:11.777  9856  9856 D CursorFeedback: getExtraCursorWidth
03-04 22:29:11.777  9856  9856 D CursorFeedback: getExtraLeftOffset
03-04 22:29:11.783  9856  9856 V AutofillManager: notifyCallback(): sessionId=110068902, autofillId=1073741826@110068902, event=2
03-04 22:29:12.024  9856  9856 D OplusScrollToTopManager: unregisterGuidePopupDismissReceiverInSystemUI
03-04 22:29:12.025  9856  9856 D OplusScrollToTopManager: Receiver not registered: android.view.OplusScrollToTopManager$1@b7cfe98
03-04 22:29:12.025  9856  9856 D OplusScrollToTopManager: unregisterSystemUIBroadcastReceiver 
03-04 22:29:12.025  9856  9856 D OplusScrollToTopManager: java.lang.IllegalArgumentException: Receiver not registered: android.view.OplusScrollToTopManager$2@b5ae6f1
03-04 22:29:12.029  9856  9856 V ZoomWindowDecorView: removeZoomView
03-04 22:29:12.031  9856  9930 D BufferQueueProducer: [VRI[PopupWindow:afcc4aa]#4(BLAST Consumer)4](id:268000000004,api:1,p:9856,c:9856) disconnect: api 1
03-04 22:29:12.032  9856  9930 D OpenGLRenderer: endAllActiveAnimators on 0xb400006f811a9e00 (RippleDrawable) with handle 0xb400006f81309440
03-04 22:29:12.050  9856 10453 D BufferQueueConsumer: [VRI[PopupWindow:afcc4aa]#4(BLAST Consumer)4](id:268000000004,api:0,p:-1,c:9856) disconnect
03-04 22:29:12.953  9856  9856 V AutofillManager: requestHideFillUi(null): anchor = null
03-04 22:29:13.059  9856  9856 W OnBackInvokedCallback: OnBackInvokedCallback is not enabled for the application.
03-04 22:29:13.059  9856  9856 W OnBackInvokedCallback: Set 'android:enableOnBackInvokedCallback="true"' in the application manifest.
03-04 22:29:13.079  9856  9856 I oplus.android.OplusFrameworkFactoryImpl: get feature:IOplusDynamicVsyncFeature
03-04 22:29:13.079  9856  9856 I oplus.android.OplusFrameworkFactoryImpl: get feature:IOplusDynamicVsyncFeature
03-04 22:29:13.079  9856  9856 I oplus.android.OplusFrameworkFactoryImpl: get feature:IOplusDynamicVsyncFeature
03-04 22:29:13.083  9856  9856 I oplus.android.OplusFrameworkFactoryImpl: get feature:IOplusDynamicVsyncFeature
03-04 22:29:13.083  9856  9856 I oplus.android.OplusFrameworkFactoryImpl: get feature:IOplusDynamicVsyncFeature
03-04 22:29:13.083  9856  9856 I oplus.android.OplusFrameworkFactoryImpl: get feature:IOplusDynamicVsyncFeature
03-04 22:29:13.091  9856  9856 D WindowManager: Add to mViews: DecorView@89817d3[MainActivity],pkg= com.pololo365.MiExpo
03-04 22:29:13.105  9856  9856 D ViewRootImplExtImpl: onDisplayChanged -1 for VRI android.view.ViewRootImpl@5425e2f
03-04 22:29:13.106  9856  9856 D InputEventReceiver: Input log is disabled
03-04 22:29:13.106  9856  9856 I Quality : Skipped: false 2 cost 35.51605 refreshRate 16653509 bit true processName com.pololo365.MiExpo
03-04 22:29:13.109  9856  9856 V TextView: notifyAutoFillManagerAfterTextChanged
03-04 22:29:13.109  9856  9856 V AutofillManager: updateSessionLocked(): id=1073741825, bounds=null, value=[type=1, value=0_chars], action=4, flags=128
03-04 22:29:13.110  9856  9856 V TextView: notifyAutoFillManagerAfterTextChanged
03-04 22:29:13.110  9856  9856 V AutofillManager: updateSessionLocked(): id=1073741826, bounds=null, value=[type=1, value=0_chars], action=4, flags=128
03-04 22:29:13.111  9856  9856 V TextView: notifyAutoFillManagerAfterTextChanged
03-04 22:29:13.111  9856  9856 V AutofillManager: updateSessionLocked(): id=1073741825, bounds=null, value=[type=1, value=0_chars], action=4, flags=128
03-04 22:29:13.134  9856  9856 D BufferQueueConsumer: [](id:268000000006,api:0,p:-1,c:9856) connect: controlledByApp=false
03-04 22:29:13.134  9856  9856 E IPCThreadState: attemptIncStrongHandle(71): Not supported
03-04 22:29:13.134  9856  9856 E IPCThreadState: attemptIncStrongHandle(70): Not supported
03-04 22:29:13.135  9856  9856 V ZoomWindowDecorView: setLastReportedMergedConfiguration mZoomDisplayHeight: 2400 getDecorView.144185299
03-04 22:29:13.137  9856  9930 D BufferQueueProducer: [VRI[MainActivity]#6(BLAST Consumer)6](id:268000000006,api:1,p:9856,c:9856) connect: api=1 producerControlledByApp=true
03-04 22:29:13.138  9856  9856 D VRI[MainActivity]: registerCallbacksForSync syncBuffer=false
03-04 22:29:13.142  9856  9930 D VRI[MainActivity]: Received frameCommittedCallback lastAttemptedDrawFrameNum=1 didProduceBuffer=true syncBuffer=false
03-04 22:29:13.143  9856  9930 W Parcel  : Expecting binder but got null!
03-04 22:29:13.143  9856  9856 D VRI[MainActivity]: draw finished.
03-04 22:29:13.145  9856  9856 D CursorFeedback: getExtraCursorWidth
03-04 22:29:13.145  9856  9856 D CursorFeedback: getExtraLeftOffset
03-04 22:29:13.151  9856  9856 V AutofillManager: notifyCallback(): sessionId=110068902, autofillId=1073741826@110068902, event=1
03-04 22:29:13.152  9856  9856 I Quality : Skipped: false 1 cost 30.856133 refreshRate 16655486 bit true processName com.pololo365.MiExpo
03-04 22:29:13.156  9856  9856 D VRI[MainActivity]: registerCallbacksForSync syncBuffer=false
03-04 22:29:13.158  9856  9930 D VRI[MainActivity]: Received frameCommittedCallback lastAttemptedDrawFrameNum=2 didProduceBuffer=true syncBuffer=false
03-04 22:29:13.158  9856  9856 D VRI[MainActivity]: draw finished.
03-04 22:29:13.162  9856  9856 D VRI[MainActivity]: onFocusEvent false
03-04 22:29:13.211  9856  9856 D VRI[MainActivity]: onFocusEvent true
03-04 22:29:13.226  9856  9856 D InsetsController: show(ime(), fromIme=true)
03-04 22:29:38.190  9856  9856 V AutofillManager: requestHideFillUi(null): anchor = null
03-04 22:29:38.197  9856  9856 D OplusSystemUINavigationGestureExtImpl: regionString = null
03-04 22:29:38.325  9856  9856 D OplusScrollToTopManager: unregisterGuidePopupDismissReceiverInSystemUI
03-04 22:29:38.326  9856  9856 D OplusScrollToTopManager: Receiver not registered: android.view.OplusScrollToTopManager$1@b6aa00f
03-04 22:29:38.326  9856  9856 D OplusScrollToTopManager: unregisterSystemUIBroadcastReceiver 
03-04 22:29:38.326  9856  9856 D OplusScrollToTopManager: java.lang.IllegalArgumentException: Receiver not registered: android.view.OplusScrollToTopManager$2@3c4e89c
03-04 22:29:38.328  9856  9856 V ZoomWindowDecorView: removeZoomView
03-04 22:29:38.329  9856  9930 D BufferQueueProducer: [VRI[MainActivity]#6(BLAST Consumer)6](id:268000000006,api:1,p:9856,c:9856) disconnect: api 1
03-04 22:29:38.329  9856  9930 D OpenGLRenderer: endAllActiveAnimators on 0xb400006f7b450400 (RippleDrawable) with handle 0xb400006ff2d51820
03-04 22:29:38.350  9856  9856 W OnBackInvokedCallback: OnBackInvokedCallback is not enabled for the application.
03-04 22:29:38.350  9856  9856 W OnBackInvokedCallback: Set 'android:enableOnBackInvokedCallback="true"' in the application manifest.
03-04 22:29:38.356  9856 10453 D BufferQueueConsumer: [VRI[MainActivity]#6(BLAST Consumer)6](id:268000000006,api:0,p:-1,c:9856) disconnect
03-04 22:29:38.360  9856  9856 D VRI[MainActivity]: onFocusEvent true
03-04 22:29:38.361  9856  9856 W OnBackInvokedCallback: OnBackInvokedCallback is not enabled for the application.
03-04 22:29:38.361  9856  9856 W OnBackInvokedCallback: Set 'android:enableOnBackInvokedCallback="true"' in the application manifest.
03-04 22:29:55.173  9856  9856 V AutofillManager: requestHideFillUi(null): anchor = null
03-04 22:29:55.276  9856  9856 V AutofillManager: updateSessionLocked(): id=1073741826, bounds=null, value=null, action=3, flags=0
03-04 22:29:55.277  9856  9856 V AutofillManager: updateSessionLocked(): id=1073741825, bounds=null, value=[type=1, value=0_chars], action=2, flags=128
03-04 22:29:55.281  9856  9856 D InputMethodManager: showSoftInput() view=com.facebook.react.views.textinput.ReactEditText{9f6b756 VFED..CL. .F.P..ID 60,420-1020,531 #28 aid=1073741825} flags=0 reason=SHOW_SOFT_INPUT
03-04 22:29:55.284  9856  9856 D CursorFeedback: getExtraCursorWidth
03-04 22:29:55.284  9856  9856 D CursorFeedback: getExtraLeftOffset
03-04 22:29:55.289  9856  9856 W RemoteInputConnectionImpl: requestCursorAnchorInfo on inactive InputConnection
03-04 22:29:55.380  9856  9856 W OnBackInvokedCallback: OnBackInvokedCallback is not enabled for the application.
03-04 22:29:55.380  9856  9856 W OnBackInvokedCallback: Set 'android:enableOnBackInvokedCallback="true"' in the application manifest.
03-04 22:29:55.385  9856  9856 D InsetsController: show(ime(), fromIme=true)
03-04 22:29:57.112  9856  9856 V TextView: notifyAutoFillManagerAfterTextChanged
03-04 22:29:57.112  9856  9856 V AutofillManager: updateSessionLocked(): id=1073741825, bounds=null, value=[type=1, value=1_chars], action=4, flags=128
03-04 22:29:57.128  9856  9856 D CursorFeedback: getExtraCursorWidth
03-04 22:29:57.128  9856  9856 D CursorFeedback: getExtraLeftOffset
03-04 22:29:57.142  9856  9856 V TextView: notifyAutoFillManagerAfterTextChanged
03-04 22:29:57.142  9856  9856 V AutofillManager: updateSessionLocked(): id=1073741825, bounds=null, value=[type=1, value=1_chars], action=4, flags=128
03-04 22:29:57.144  9856  9856 D CursorFeedback: getExtraCursorWidth
03-04 22:29:57.144  9856  9856 D CursorFeedback: getExtraLeftOffset
03-04 22:29:58.300  9856  9856 V TextView: notifyAutoFillManagerAfterTextChanged
03-04 22:29:58.300  9856  9856 V AutofillManager: updateSessionLocked(): id=1073741825, bounds=null, value=[type=1, value=0_chars], action=4, flags=128
03-04 22:29:58.309  9856  9856 D CursorFeedback: getExtraCursorWidth
03-04 22:29:58.309  9856  9856 D CursorFeedback: getExtraLeftOffset
03-04 22:29:58.343  9856  9856 V TextView: notifyAutoFillManagerAfterTextChanged
03-04 22:29:58.344  9856  9856 V AutofillManager: updateSessionLocked(): id=1073741825, bounds=null, value=[type=1, value=0_chars], action=4, flags=128
03-04 22:29:58.345  9856  9856 D CursorFeedback: getExtraCursorWidth
03-04 22:29:58.345  9856  9856 D CursorFeedback: getExtraLeftOffset
03-04 22:29:58.405  9856  9856 D InsetsController: show(ime(), fromIme=true)
03-04 22:30:00.010  9856  9856 V TextView: notifyAutoFillManagerAfterTextChanged
03-04 22:30:00.011  9856  9856 V AutofillManager: updateSessionLocked(): id=1073741825, bounds=null, value=[type=1, value=1_chars], action=4, flags=128
03-04 22:30:00.024  9856  9856 D CursorFeedback: getExtraCursorWidth
03-04 22:30:00.024  9856  9856 D CursorFeedback: getExtraLeftOffset
03-04 22:30:00.057  9856  9856 V TextView: notifyAutoFillManagerAfterTextChanged
03-04 22:30:00.057  9856  9856 V AutofillManager: updateSessionLocked(): id=1073741825, bounds=null, value=[type=1, value=1_chars], action=4, flags=128
03-04 22:30:00.058  9856  9856 D CursorFeedback: getExtraCursorWidth
03-04 22:30:00.058  9856  9856 D CursorFeedback: getExtraLeftOffset
